                              1 ;--------------------------------------------------------
                              2 ; File Created by SDCC : free open source ANSI-C Compiler
                              3 ; Version 4.0.0 #11528 (MINGW32)
                              4 ;--------------------------------------------------------
                              5 	.module enemy_b3_gbr
                              6 	.optsdcc -mgbz80
                              7 	
                              8 ;--------------------------------------------------------
                              9 ; Public variables in this module
                             10 ;--------------------------------------------------------
                             11 	.globl _enemy_internal
                             12 	.globl _enemy_tiles
                             13 	.globl _empty
                             14 	.globl _enemy
                             15 ;--------------------------------------------------------
                             16 ; special function registers
                             17 ;--------------------------------------------------------
                             18 ;--------------------------------------------------------
                             19 ; ram data
                             20 ;--------------------------------------------------------
                             21 	.area _DATA
                             22 ;--------------------------------------------------------
                             23 ; CODE rom data
                             24 ;--------------------------------------------------------
                             25 	.area _CODE
   0000                      26 _enemy:
   0000 03                   27 	.db #0x03	; 3
   0001rE0r00                28 	.dw _enemy_internal
                             29 ;--------------------------------------------------------
                             30 ; absolute external ram data
                             31 ;--------------------------------------------------------
                             32 	.area _DABS (ABS)
                             33 ;--------------------------------------------------------
                             34 ; global & static initialisations
                             35 ;--------------------------------------------------------
                             36 	.area _HOME
                             37 	.area _GSINIT
                             38 	.area _GSFINAL
                             39 	.area _GSINIT
                             40 ;--------------------------------------------------------
                             41 ; Home
                             42 ;--------------------------------------------------------
                             43 	.area _HOME
                             44 ;../res/src/enemy.b3.gbr.c:3: void empty(void) __nonbanked {}
                             45 ;	---------------------------------
                             46 ; Function empty
                             47 ; ---------------------------------
   0000                      48 _empty::
   0000 C9                   49 	ret
                             50 	.area _HOME
                             51 ;--------------------------------------------------------
                             52 ; code
                             53 ;--------------------------------------------------------
                             54 	.area _CODE_3
                             55 	.area _CODE_3
   0000                      56 _enemy_tiles:
   0000 00                   57 	.db #0x00	; 0
   0001 00                   58 	.db #0x00	; 0
   0002 00                   59 	.db #0x00	; 0
   0003 00                   60 	.db #0x00	; 0
   0004 00                   61 	.db #0x00	; 0
   0005 00                   62 	.db #0x00	; 0
   0006 00                   63 	.db #0x00	; 0
   0007 00                   64 	.db #0x00	; 0
   0008 00                   65 	.db #0x00	; 0
   0009 00                   66 	.db #0x00	; 0
   000A 0C                   67 	.db #0x0c	; 12
   000B 0C                   68 	.db #0x0c	; 12
   000C 1E                   69 	.db #0x1e	; 30
   000D 1A                   70 	.db #0x1a	; 26
   000E 0F                   71 	.db #0x0f	; 15
   000F 0F                   72 	.db #0x0f	; 15
   0010 1A                   73 	.db #0x1a	; 26
   0011 1A                   74 	.db #0x1a	; 26
   0012 98                   75 	.db #0x98	; 152
   0013 00                   76 	.db #0x00	; 0
   0014 98                   77 	.db #0x98	; 152
   0015 98                   78 	.db #0x98	; 152
   0016 9C                   79 	.db #0x9c	; 156
   0017 10                   80 	.db #0x10	; 16
   0018 8E                   81 	.db #0x8e	; 142
   0019 8E                   82 	.db #0x8e	; 142
   001A FF                   83 	.db #0xff	; 255
   001B 6D                   84 	.db #0x6d	; 109	'm'
   001C 7F                   85 	.db #0x7f	; 127
   001D 33                   86 	.db #0x33	; 51	'3'
   001E 2A                   87 	.db #0x2a	; 42
   001F 2A                   88 	.db #0x2a	; 42
   0020 00                   89 	.db #0x00	; 0
   0021 00                   90 	.db #0x00	; 0
   0022 00                   91 	.db #0x00	; 0
   0023 00                   92 	.db #0x00	; 0
   0024 00                   93 	.db #0x00	; 0
   0025 00                   94 	.db #0x00	; 0
   0026 00                   95 	.db #0x00	; 0
   0027 00                   96 	.db #0x00	; 0
   0028 00                   97 	.db #0x00	; 0
   0029 00                   98 	.db #0x00	; 0
   002A 0C                   99 	.db #0x0c	; 12
   002B 0C                  100 	.db #0x0c	; 12
   002C 1E                  101 	.db #0x1e	; 30
   002D 1A                  102 	.db #0x1a	; 26
   002E 0F                  103 	.db #0x0f	; 15
   002F 0F                  104 	.db #0x0f	; 15
   0030 1A                  105 	.db #0x1a	; 26
   0031 1A                  106 	.db #0x1a	; 26
   0032 58                  107 	.db #0x58	; 88	'X'
   0033 00                  108 	.db #0x00	; 0
   0034 58                  109 	.db #0x58	; 88	'X'
   0035 58                  110 	.db #0x58	; 88	'X'
   0036 5C                  111 	.db #0x5c	; 92
   0037 10                  112 	.db #0x10	; 16
   0038 46                  113 	.db #0x46	; 70	'F'
   0039 46                  114 	.db #0x46	; 70	'F'
   003A 7F                  115 	.db #0x7f	; 127
   003B 2D                  116 	.db #0x2d	; 45
   003C 3F                  117 	.db #0x3f	; 63
   003D 13                  118 	.db #0x13	; 19
   003E 2A                  119 	.db #0x2a	; 42
   003F 2A                  120 	.db #0x2a	; 42
   0040 00                  121 	.db #0x00	; 0
   0041 00                  122 	.db #0x00	; 0
   0042 00                  123 	.db #0x00	; 0
   0043 00                  124 	.db #0x00	; 0
   0044 00                  125 	.db #0x00	; 0
   0045 0A                  126 	.db #0x0a	; 10
   0046 04                  127 	.db #0x04	; 4
   0047 00                  128 	.db #0x00	; 0
   0048 00                  129 	.db #0x00	; 0
   0049 0A                  130 	.db #0x0a	; 10
   004A 0C                  131 	.db #0x0c	; 12
   004B 0C                  132 	.db #0x0c	; 12
   004C 1E                  133 	.db #0x1e	; 30
   004D 1A                  134 	.db #0x1a	; 26
   004E 0F                  135 	.db #0x0f	; 15
   004F 0F                  136 	.db #0x0f	; 15
   0050 1A                  137 	.db #0x1a	; 26
   0051 1A                  138 	.db #0x1a	; 26
   0052 98                  139 	.db #0x98	; 152
   0053 00                  140 	.db #0x00	; 0
   0054 98                  141 	.db #0x98	; 152
   0055 98                  142 	.db #0x98	; 152
   0056 9C                  143 	.db #0x9c	; 156
   0057 10                  144 	.db #0x10	; 16
   0058 8E                  145 	.db #0x8e	; 142
   0059 8E                  146 	.db #0x8e	; 142
   005A FF                  147 	.db #0xff	; 255
   005B 6D                  148 	.db #0x6d	; 109	'm'
   005C 7F                  149 	.db #0x7f	; 127
   005D 33                  150 	.db #0x33	; 51	'3'
   005E 2A                  151 	.db #0x2a	; 42
   005F 2A                  152 	.db #0x2a	; 42
   0060 00                  153 	.db #0x00	; 0
   0061 00                  154 	.db #0x00	; 0
   0062 00                  155 	.db #0x00	; 0
   0063 11                  156 	.db #0x11	; 17
   0064 00                  157 	.db #0x00	; 0
   0065 0A                  158 	.db #0x0a	; 10
   0066 00                  159 	.db #0x00	; 0
   0067 00                  160 	.db #0x00	; 0
   0068 00                  161 	.db #0x00	; 0
   0069 0A                  162 	.db #0x0a	; 10
   006A 0C                  163 	.db #0x0c	; 12
   006B 1D                  164 	.db #0x1d	; 29
   006C 1F                  165 	.db #0x1f	; 31
   006D 1B                  166 	.db #0x1b	; 27
   006E 0E                  167 	.db #0x0e	; 14
   006F 0E                  168 	.db #0x0e	; 14
   0070 1C                  169 	.db #0x1c	; 28
   0071 1C                  170 	.db #0x1c	; 28
   0072 9A                  171 	.db #0x9a	; 154
   0073 02                  172 	.db #0x02	; 2
   0074 98                  173 	.db #0x98	; 152
   0075 98                  174 	.db #0x98	; 152
   0076 9C                  175 	.db #0x9c	; 156
   0077 10                  176 	.db #0x10	; 16
   0078 8E                  177 	.db #0x8e	; 142
   0079 8E                  178 	.db #0x8e	; 142
   007A FF                  179 	.db #0xff	; 255
   007B 6D                  180 	.db #0x6d	; 109	'm'
   007C 7F                  181 	.db #0x7f	; 127
   007D 33                  182 	.db #0x33	; 51	'3'
   007E 2A                  183 	.db #0x2a	; 42
   007F 2A                  184 	.db #0x2a	; 42
   0080 00                  185 	.db #0x00	; 0
   0081 00                  186 	.db #0x00	; 0
   0082 00                  187 	.db #0x00	; 0
   0083 11                  188 	.db #0x11	; 17
   0084 00                  189 	.db #0x00	; 0
   0085 00                  190 	.db #0x00	; 0
   0086 00                  191 	.db #0x00	; 0
   0087 00                  192 	.db #0x00	; 0
   0088 00                  193 	.db #0x00	; 0
   0089 00                  194 	.db #0x00	; 0
   008A 0C                  195 	.db #0x0c	; 12
   008B 1D                  196 	.db #0x1d	; 29
   008C 1E                  197 	.db #0x1e	; 30
   008D 1A                  198 	.db #0x1a	; 26
   008E 0F                  199 	.db #0x0f	; 15
   008F 0F                  200 	.db #0x0f	; 15
   0090 1A                  201 	.db #0x1a	; 26
   0091 1A                  202 	.db #0x1a	; 26
   0092 98                  203 	.db #0x98	; 152
   0093 00                  204 	.db #0x00	; 0
   0094 98                  205 	.db #0x98	; 152
   0095 98                  206 	.db #0x98	; 152
   0096 9C                  207 	.db #0x9c	; 156
   0097 10                  208 	.db #0x10	; 16
   0098 8E                  209 	.db #0x8e	; 142
   0099 8E                  210 	.db #0x8e	; 142
   009A FF                  211 	.db #0xff	; 255
   009B 6D                  212 	.db #0x6d	; 109	'm'
   009C 7F                  213 	.db #0x7f	; 127
   009D 33                  214 	.db #0x33	; 51	'3'
   009E 2A                  215 	.db #0x2a	; 42
   009F 2A                  216 	.db #0x2a	; 42
   00A0 00                  217 	.db #0x00	; 0
   00A1 00                  218 	.db #0x00	; 0
   00A2 00                  219 	.db #0x00	; 0
   00A3 00                  220 	.db #0x00	; 0
   00A4 00                  221 	.db #0x00	; 0
   00A5 00                  222 	.db #0x00	; 0
   00A6 06                  223 	.db #0x06	; 6
   00A7 06                  224 	.db #0x06	; 6
   00A8 0E                  225 	.db #0x0e	; 14
   00A9 0E                  226 	.db #0x0e	; 14
   00AA 0F                  227 	.db #0x0f	; 15
   00AB 0B                  228 	.db #0x0b	; 11
   00AC 1E                  229 	.db #0x1e	; 30
   00AD 1E                  230 	.db #0x1e	; 30
   00AE 0C                  231 	.db #0x0c	; 12
   00AF 0C                  232 	.db #0x0c	; 12
   00B0 18                  233 	.db #0x18	; 24
   00B1 18                  234 	.db #0x18	; 24
   00B2 98                  235 	.db #0x98	; 152
   00B3 00                  236 	.db #0x00	; 0
   00B4 98                  237 	.db #0x98	; 152
   00B5 98                  238 	.db #0x98	; 152
   00B6 9C                  239 	.db #0x9c	; 156
   00B7 10                  240 	.db #0x10	; 16
   00B8 8E                  241 	.db #0x8e	; 142
   00B9 8E                  242 	.db #0x8e	; 142
   00BA FF                  243 	.db #0xff	; 255
   00BB 6D                  244 	.db #0x6d	; 109	'm'
   00BC 7F                  245 	.db #0x7f	; 127
   00BD 33                  246 	.db #0x33	; 51	'3'
   00BE 2A                  247 	.db #0x2a	; 42
   00BF 2A                  248 	.db #0x2a	; 42
   00C0 2A                  249 	.db #0x2a	; 42
   00C1 2A                  250 	.db #0x2a	; 42
   00C2 7F                  251 	.db #0x7f	; 127
   00C3 33                  252 	.db #0x33	; 51	'3'
   00C4 FF                  253 	.db #0xff	; 255
   00C5 6D                  254 	.db #0x6d	; 109	'm'
   00C6 8E                  255 	.db #0x8e	; 142
   00C7 8E                  256 	.db #0x8e	; 142
   00C8 9C                  257 	.db #0x9c	; 156
   00C9 10                  258 	.db #0x10	; 16
   00CA 98                  259 	.db #0x98	; 152
   00CB 98                  260 	.db #0x98	; 152
   00CC 98                  261 	.db #0x98	; 152
   00CD 00                  262 	.db #0x00	; 0
   00CE 18                  263 	.db #0x18	; 24
   00CF 18                  264 	.db #0x18	; 24
   00D0 0C                  265 	.db #0x0c	; 12
   00D1 0C                  266 	.db #0x0c	; 12
   00D2 1E                  267 	.db #0x1e	; 30
   00D3 1E                  268 	.db #0x1e	; 30
   00D4 0F                  269 	.db #0x0f	; 15
   00D5 0B                  270 	.db #0x0b	; 11
   00D6 0E                  271 	.db #0x0e	; 14
   00D7 0E                  272 	.db #0x0e	; 14
   00D8 06                  273 	.db #0x06	; 6
   00D9 06                  274 	.db #0x06	; 6
   00DA 00                  275 	.db #0x00	; 0
   00DB 00                  276 	.db #0x00	; 0
   00DC 00                  277 	.db #0x00	; 0
   00DD 00                  278 	.db #0x00	; 0
   00DE 00                  279 	.db #0x00	; 0
   00DF 00                  280 	.db #0x00	; 0
   00E0                     281 _enemy_internal:
   00E0 08                  282 	.db #0x08	; 8
   00E1 10                  283 	.db #0x10	; 16
   00E2 07                  284 	.db #0x07	; 7
   00E3r00r00               285 	.dw _enemy_tiles
   00E5 00 00               286 	.dw #0x0000
                            287 	.area _CABS (ABS)
