                              1 ;--------------------------------------------------------
                              2 ; File Created by SDCC : free open source ANSI-C Compiler
                              3 ; Version 4.0.0 #11528 (MINGW32)
                              4 ;--------------------------------------------------------
                              5 	.module porcupine_b3_gbr
                              6 	.optsdcc -mgbz80
                              7 	
                              8 ;--------------------------------------------------------
                              9 ; Public variables in this module
                             10 ;--------------------------------------------------------
                             11 	.globl _porcupine_internal
                             12 	.globl _porcupine_tiles
                             13 	.globl _empty
                             14 	.globl _porcupine
                             15 ;--------------------------------------------------------
                             16 ; special function registers
                             17 ;--------------------------------------------------------
                             18 ;--------------------------------------------------------
                             19 ; ram data
                             20 ;--------------------------------------------------------
                             21 	.area _DATA
                             22 ;--------------------------------------------------------
                             23 ; CODE rom data
                             24 ;--------------------------------------------------------
                             25 	.area _CODE
   0000                      26 _porcupine:
   0000 03                   27 	.db #0x03	; 3
   0001r00r02                28 	.dw _porcupine_internal
                             29 ;--------------------------------------------------------
                             30 ; absolute external ram data
                             31 ;--------------------------------------------------------
                             32 	.area _DABS (ABS)
                             33 ;--------------------------------------------------------
                             34 ; global & static initialisations
                             35 ;--------------------------------------------------------
                             36 	.area _HOME
                             37 	.area _GSINIT
                             38 	.area _GSFINAL
                             39 	.area _GSINIT
                             40 ;--------------------------------------------------------
                             41 ; Home
                             42 ;--------------------------------------------------------
                             43 	.area _HOME
                             44 ;../res/src/porcupine.b3.gbr.c:3: void empty(void) __nonbanked {}
                             45 ;	---------------------------------
                             46 ; Function empty
                             47 ; ---------------------------------
   0000                      48 _empty::
   0000 C9                   49 	ret
                             50 	.area _HOME
                             51 ;--------------------------------------------------------
                             52 ; code
                             53 ;--------------------------------------------------------
                             54 	.area _CODE_3
                             55 	.area _CODE_3
   0000                      56 _porcupine_tiles:
   0000 00                   57 	.db #0x00	; 0
   0001 00                   58 	.db #0x00	; 0
   0002 00                   59 	.db #0x00	; 0
   0003 00                   60 	.db #0x00	; 0
   0004 00                   61 	.db #0x00	; 0
   0005 00                   62 	.db #0x00	; 0
   0006 22                   63 	.db #0x22	; 34
   0007 00                   64 	.db #0x00	; 0
   0008 15                   65 	.db #0x15	; 21
   0009 00                   66 	.db #0x00	; 0
   000A AA                   67 	.db #0xaa	; 170
   000B 00                   68 	.db #0x00	; 0
   000C 56                   69 	.db #0x56	; 86	'V'
   000D 01                   70 	.db #0x01	; 1
   000E A5                   71 	.db #0xa5	; 165
   000F 0A                   72 	.db #0x0a	; 10
   0010 6A                   73 	.db #0x6a	; 106	'j'
   0011 15                   74 	.db #0x15	; 21
   0012 55                   75 	.db #0x55	; 85	'U'
   0013 AA                   76 	.db #0xaa	; 170
   0014 2F                   77 	.db #0x2f	; 47
   0015 50                   78 	.db #0x50	; 80	'P'
   0016 1C                   79 	.db #0x1c	; 28
   0017 20                   80 	.db #0x20	; 32
   0018 38                   81 	.db #0x38	; 56	'8'
   0019 01                   82 	.db #0x01	; 1
   001A 14                   83 	.db #0x14	; 20
   001B 0A                   84 	.db #0x0a	; 10
   001C 0C                   85 	.db #0x0c	; 12
   001D 30                   86 	.db #0x30	; 48	'0'
   001E 30                   87 	.db #0x30	; 48	'0'
   001F 30                   88 	.db #0x30	; 48	'0'
   0020 00                   89 	.db #0x00	; 0
   0021 00                   90 	.db #0x00	; 0
   0022 00                   91 	.db #0x00	; 0
   0023 00                   92 	.db #0x00	; 0
   0024 00                   93 	.db #0x00	; 0
   0025 00                   94 	.db #0x00	; 0
   0026 00                   95 	.db #0x00	; 0
   0027 00                   96 	.db #0x00	; 0
   0028 40                   97 	.db #0x40	; 64
   0029 00                   98 	.db #0x00	; 0
   002A A0                   99 	.db #0xa0	; 160
   002B 00                  100 	.db #0x00	; 0
   002C 90                  101 	.db #0x90	; 144
   002D 40                  102 	.db #0x40	; 64
   002E 40                  103 	.db #0x40	; 64
   002F A8                  104 	.db #0xa8	; 168
   0030 AC                  105 	.db #0xac	; 172
   0031 50                  106 	.db #0x50	; 80	'P'
   0032 FA                  107 	.db #0xfa	; 250
   0033 04                  108 	.db #0x04	; 4
   0034 FE                  109 	.db #0xfe	; 254
   0035 00                  110 	.db #0x00	; 0
   0036 18                  111 	.db #0x18	; 24
   0037 00                  112 	.db #0x00	; 0
   0038 08                  113 	.db #0x08	; 8
   0039 38                  114 	.db #0x38	; 56	'8'
   003A 40                  115 	.db #0x40	; 64
   003B 40                  116 	.db #0x40	; 64
   003C 00                  117 	.db #0x00	; 0
   003D 00                  118 	.db #0x00	; 0
   003E 00                  119 	.db #0x00	; 0
   003F 00                  120 	.db #0x00	; 0
   0040 00                  121 	.db #0x00	; 0
   0041 00                  122 	.db #0x00	; 0
   0042 00                  123 	.db #0x00	; 0
   0043 00                  124 	.db #0x00	; 0
   0044 00                  125 	.db #0x00	; 0
   0045 00                  126 	.db #0x00	; 0
   0046 22                  127 	.db #0x22	; 34
   0047 00                  128 	.db #0x00	; 0
   0048 15                  129 	.db #0x15	; 21
   0049 00                  130 	.db #0x00	; 0
   004A AA                  131 	.db #0xaa	; 170
   004B 00                  132 	.db #0x00	; 0
   004C 56                  133 	.db #0x56	; 86	'V'
   004D 01                  134 	.db #0x01	; 1
   004E A5                  135 	.db #0xa5	; 165
   004F 0A                  136 	.db #0x0a	; 10
   0050 6A                  137 	.db #0x6a	; 106	'j'
   0051 15                  138 	.db #0x15	; 21
   0052 55                  139 	.db #0x55	; 85	'U'
   0053 AA                  140 	.db #0xaa	; 170
   0054 2F                  141 	.db #0x2f	; 47
   0055 50                  142 	.db #0x50	; 80	'P'
   0056 5C                  143 	.db #0x5c	; 92
   0057 A0                  144 	.db #0xa0	; 160
   0058 38                  145 	.db #0x38	; 56	'8'
   0059 41                  146 	.db #0x41	; 65	'A'
   005A 14                  147 	.db #0x14	; 20
   005B 6A                  148 	.db #0x6a	; 106	'j'
   005C 74                  149 	.db #0x74	; 116	't'
   005D 68                  150 	.db #0x68	; 104	'h'
   005E 0C                  151 	.db #0x0c	; 12
   005F 0C                  152 	.db #0x0c	; 12
   0060 00                  153 	.db #0x00	; 0
   0061 00                  154 	.db #0x00	; 0
   0062 00                  155 	.db #0x00	; 0
   0063 00                  156 	.db #0x00	; 0
   0064 00                  157 	.db #0x00	; 0
   0065 00                  158 	.db #0x00	; 0
   0066 00                  159 	.db #0x00	; 0
   0067 00                  160 	.db #0x00	; 0
   0068 40                  161 	.db #0x40	; 64
   0069 00                  162 	.db #0x00	; 0
   006A A0                  163 	.db #0xa0	; 160
   006B 00                  164 	.db #0x00	; 0
   006C 90                  165 	.db #0x90	; 144
   006D 40                  166 	.db #0x40	; 64
   006E 40                  167 	.db #0x40	; 64
   006F A8                  168 	.db #0xa8	; 168
   0070 AC                  169 	.db #0xac	; 172
   0071 50                  170 	.db #0x50	; 80	'P'
   0072 FA                  171 	.db #0xfa	; 250
   0073 04                  172 	.db #0x04	; 4
   0074 FE                  173 	.db #0xfe	; 254
   0075 00                  174 	.db #0x00	; 0
   0076 18                  175 	.db #0x18	; 24
   0077 00                  176 	.db #0x00	; 0
   0078 00                  177 	.db #0x00	; 0
   0079 50                  178 	.db #0x50	; 80	'P'
   007A 40                  179 	.db #0x40	; 64
   007B 50                  180 	.db #0x50	; 80	'P'
   007C 10                  181 	.db #0x10	; 16
   007D 10                  182 	.db #0x10	; 16
   007E 00                  183 	.db #0x00	; 0
   007F 00                  184 	.db #0x00	; 0
   0080 2A                  185 	.db #0x2a	; 42
   0081 00                  186 	.db #0x00	; 0
   0082 15                  187 	.db #0x15	; 21
   0083 00                  188 	.db #0x00	; 0
   0084 2A                  189 	.db #0x2a	; 42
   0085 05                  190 	.db #0x05	; 5
   0086 55                  191 	.db #0x55	; 85	'U'
   0087 00                  192 	.db #0x00	; 0
   0088 0A                  193 	.db #0x0a	; 10
   0089 25                  194 	.db #0x25	; 37
   008A 55                  195 	.db #0x55	; 85	'U'
   008B 02                  196 	.db #0x02	; 2
   008C 2A                  197 	.db #0x2a	; 42
   008D 15                  198 	.db #0x15	; 21
   008E 55                  199 	.db #0x55	; 85	'U'
   008F 0A                  200 	.db #0x0a	; 10
   0090 AB                  201 	.db #0xab	; 171
   0091 54                  202 	.db #0x54	; 84	'T'
   0092 55                  203 	.db #0x55	; 85	'U'
   0093 2A                  204 	.db #0x2a	; 42
   0094 AA                  205 	.db #0xaa	; 170
   0095 54                  206 	.db #0x54	; 84	'T'
   0096 15                  207 	.db #0x15	; 21
   0097 68                  208 	.db #0x68	; 104	'h'
   0098 A9                  209 	.db #0xa9	; 169
   0099 50                  210 	.db #0x50	; 80	'P'
   009A 5A                  211 	.db #0x5a	; 90	'Z'
   009B 20                  212 	.db #0x20	; 32
   009C 2C                  213 	.db #0x2c	; 44
   009D 08                  214 	.db #0x08	; 8
   009E 18                  215 	.db #0x18	; 24
   009F 18                  216 	.db #0x18	; 24
   00A0 80                  217 	.db #0x80	; 128
   00A1 00                  218 	.db #0x00	; 0
   00A2 40                  219 	.db #0x40	; 64
   00A3 12                  220 	.db #0x12	; 18
   00A4 CC                  221 	.db #0xcc	; 204
   00A5 00                  222 	.db #0x00	; 0
   00A6 6C                  223 	.db #0x6c	; 108	'l'
   00A7 80                  224 	.db #0x80	; 128
   00A8 C0                  225 	.db #0xc0	; 192
   00A9 32                  226 	.db #0x32	; 50	'2'
   00AA F0                  227 	.db #0xf0	; 240
   00AB 00                  228 	.db #0x00	; 0
   00AC 40                  229 	.db #0x40	; 64
   00AD 80                  230 	.db #0x80	; 128
   00AE C0                  231 	.db #0xc0	; 192
   00AF 40                  232 	.db #0x40	; 64
   00B0 80                  233 	.db #0x80	; 128
   00B1 00                  234 	.db #0x00	; 0
   00B2 C0                  235 	.db #0xc0	; 192
   00B3 40                  236 	.db #0x40	; 64
   00B4 80                  237 	.db #0x80	; 128
   00B5 00                  238 	.db #0x00	; 0
   00B6 00                  239 	.db #0x00	; 0
   00B7 00                  240 	.db #0x00	; 0
   00B8 00                  241 	.db #0x00	; 0
   00B9 00                  242 	.db #0x00	; 0
   00BA 00                  243 	.db #0x00	; 0
   00BB 00                  244 	.db #0x00	; 0
   00BC 00                  245 	.db #0x00	; 0
   00BD 00                  246 	.db #0x00	; 0
   00BE 00                  247 	.db #0x00	; 0
   00BF 00                  248 	.db #0x00	; 0
   00C0 2A                  249 	.db #0x2a	; 42
   00C1 00                  250 	.db #0x00	; 0
   00C2 15                  251 	.db #0x15	; 21
   00C3 00                  252 	.db #0x00	; 0
   00C4 2A                  253 	.db #0x2a	; 42
   00C5 05                  254 	.db #0x05	; 5
   00C6 55                  255 	.db #0x55	; 85	'U'
   00C7 00                  256 	.db #0x00	; 0
   00C8 0A                  257 	.db #0x0a	; 10
   00C9 25                  258 	.db #0x25	; 37
   00CA 55                  259 	.db #0x55	; 85	'U'
   00CB 02                  260 	.db #0x02	; 2
   00CC 2A                  261 	.db #0x2a	; 42
   00CD 15                  262 	.db #0x15	; 21
   00CE 55                  263 	.db #0x55	; 85	'U'
   00CF 0A                  264 	.db #0x0a	; 10
   00D0 AB                  265 	.db #0xab	; 171
   00D1 54                  266 	.db #0x54	; 84	'T'
   00D2 55                  267 	.db #0x55	; 85	'U'
   00D3 2A                  268 	.db #0x2a	; 42
   00D4 AA                  269 	.db #0xaa	; 170
   00D5 54                  270 	.db #0x54	; 84	'T'
   00D6 15                  271 	.db #0x15	; 21
   00D7 68                  272 	.db #0x68	; 104	'h'
   00D8 A9                  273 	.db #0xa9	; 169
   00D9 50                  274 	.db #0x50	; 80	'P'
   00DA 5A                  275 	.db #0x5a	; 90	'Z'
   00DB 20                  276 	.db #0x20	; 32
   00DC 2C                  277 	.db #0x2c	; 44
   00DD 08                  278 	.db #0x08	; 8
   00DE 18                  279 	.db #0x18	; 24
   00DF 18                  280 	.db #0x18	; 24
   00E0 80                  281 	.db #0x80	; 128
   00E1 21                  282 	.db #0x21	; 33
   00E2 40                  283 	.db #0x40	; 64
   00E3 12                  284 	.db #0x12	; 18
   00E4 C0                  285 	.db #0xc0	; 192
   00E5 00                  286 	.db #0x00	; 0
   00E6 60                  287 	.db #0x60	; 96
   00E7 80                  288 	.db #0x80	; 128
   00E8 C0                  289 	.db #0xc0	; 192
   00E9 32                  290 	.db #0x32	; 50	'2'
   00EA D0                  291 	.db #0xd0	; 208
   00EB 21                  292 	.db #0x21	; 33
   00EC 40                  293 	.db #0x40	; 64
   00ED 80                  294 	.db #0x80	; 128
   00EE C0                  295 	.db #0xc0	; 192
   00EF 40                  296 	.db #0x40	; 64
   00F0 80                  297 	.db #0x80	; 128
   00F1 00                  298 	.db #0x00	; 0
   00F2 C0                  299 	.db #0xc0	; 192
   00F3 40                  300 	.db #0x40	; 64
   00F4 80                  301 	.db #0x80	; 128
   00F5 00                  302 	.db #0x00	; 0
   00F6 00                  303 	.db #0x00	; 0
   00F7 00                  304 	.db #0x00	; 0
   00F8 00                  305 	.db #0x00	; 0
   00F9 00                  306 	.db #0x00	; 0
   00FA 00                  307 	.db #0x00	; 0
   00FB 00                  308 	.db #0x00	; 0
   00FC 00                  309 	.db #0x00	; 0
   00FD 00                  310 	.db #0x00	; 0
   00FE 00                  311 	.db #0x00	; 0
   00FF 00                  312 	.db #0x00	; 0
   0100 2A                  313 	.db #0x2a	; 42
   0101 00                  314 	.db #0x00	; 0
   0102 15                  315 	.db #0x15	; 21
   0103 00                  316 	.db #0x00	; 0
   0104 2A                  317 	.db #0x2a	; 42
   0105 05                  318 	.db #0x05	; 5
   0106 55                  319 	.db #0x55	; 85	'U'
   0107 00                  320 	.db #0x00	; 0
   0108 0A                  321 	.db #0x0a	; 10
   0109 25                  322 	.db #0x25	; 37
   010A 55                  323 	.db #0x55	; 85	'U'
   010B 02                  324 	.db #0x02	; 2
   010C 2A                  325 	.db #0x2a	; 42
   010D 15                  326 	.db #0x15	; 21
   010E 55                  327 	.db #0x55	; 85	'U'
   010F 0A                  328 	.db #0x0a	; 10
   0110 AB                  329 	.db #0xab	; 171
   0111 54                  330 	.db #0x54	; 84	'T'
   0112 55                  331 	.db #0x55	; 85	'U'
   0113 2A                  332 	.db #0x2a	; 42
   0114 AA                  333 	.db #0xaa	; 170
   0115 54                  334 	.db #0x54	; 84	'T'
   0116 15                  335 	.db #0x15	; 21
   0117 68                  336 	.db #0x68	; 104	'h'
   0118 A9                  337 	.db #0xa9	; 169
   0119 50                  338 	.db #0x50	; 80	'P'
   011A 5A                  339 	.db #0x5a	; 90	'Z'
   011B 20                  340 	.db #0x20	; 32
   011C 3E                  341 	.db #0x3e	; 62
   011D 12                  342 	.db #0x12	; 18
   011E 36                  343 	.db #0x36	; 54	'6'
   011F 36                  344 	.db #0x36	; 54	'6'
   0120 80                  345 	.db #0x80	; 128
   0121 00                  346 	.db #0x00	; 0
   0122 40                  347 	.db #0x40	; 64
   0123 00                  348 	.db #0x00	; 0
   0124 C0                  349 	.db #0xc0	; 192
   0125 00                  350 	.db #0x00	; 0
   0126 60                  351 	.db #0x60	; 96
   0127 80                  352 	.db #0x80	; 128
   0128 D0                  353 	.db #0xd0	; 208
   0129 20                  354 	.db #0x20	; 32
   012A F0                  355 	.db #0xf0	; 240
   012B 00                  356 	.db #0x00	; 0
   012C 40                  357 	.db #0x40	; 64
   012D 80                  358 	.db #0x80	; 128
   012E F0                  359 	.db #0xf0	; 240
   012F 10                  360 	.db #0x10	; 16
   0130 80                  361 	.db #0x80	; 128
   0131 00                  362 	.db #0x00	; 0
   0132 E0                  363 	.db #0xe0	; 224
   0133 60                  364 	.db #0x60	; 96
   0134 80                  365 	.db #0x80	; 128
   0135 00                  366 	.db #0x00	; 0
   0136 00                  367 	.db #0x00	; 0
   0137 00                  368 	.db #0x00	; 0
   0138 00                  369 	.db #0x00	; 0
   0139 00                  370 	.db #0x00	; 0
   013A 00                  371 	.db #0x00	; 0
   013B 00                  372 	.db #0x00	; 0
   013C 00                  373 	.db #0x00	; 0
   013D 00                  374 	.db #0x00	; 0
   013E 00                  375 	.db #0x00	; 0
   013F 00                  376 	.db #0x00	; 0
   0140 0C                  377 	.db #0x0c	; 12
   0141 0C                  378 	.db #0x0c	; 12
   0142 74                  379 	.db #0x74	; 116	't'
   0143 68                  380 	.db #0x68	; 104	'h'
   0144 14                  381 	.db #0x14	; 20
   0145 6A                  382 	.db #0x6a	; 106	'j'
   0146 38                  383 	.db #0x38	; 56	'8'
   0147 41                  384 	.db #0x41	; 65	'A'
   0148 5C                  385 	.db #0x5c	; 92
   0149 A0                  386 	.db #0xa0	; 160
   014A 2F                  387 	.db #0x2f	; 47
   014B 50                  388 	.db #0x50	; 80	'P'
   014C 55                  389 	.db #0x55	; 85	'U'
   014D AA                  390 	.db #0xaa	; 170
   014E 6A                  391 	.db #0x6a	; 106	'j'
   014F 15                  392 	.db #0x15	; 21
   0150 25                  393 	.db #0x25	; 37
   0151 0A                  394 	.db #0x0a	; 10
   0152 1A                  395 	.db #0x1a	; 26
   0153 00                  396 	.db #0x00	; 0
   0154 05                  397 	.db #0x05	; 5
   0155 00                  398 	.db #0x00	; 0
   0156 02                  399 	.db #0x02	; 2
   0157 00                  400 	.db #0x00	; 0
   0158 00                  401 	.db #0x00	; 0
   0159 00                  402 	.db #0x00	; 0
   015A 00                  403 	.db #0x00	; 0
   015B 00                  404 	.db #0x00	; 0
   015C 00                  405 	.db #0x00	; 0
   015D 00                  406 	.db #0x00	; 0
   015E 00                  407 	.db #0x00	; 0
   015F 00                  408 	.db #0x00	; 0
   0160 00                  409 	.db #0x00	; 0
   0161 00                  410 	.db #0x00	; 0
   0162 00                  411 	.db #0x00	; 0
   0163 00                  412 	.db #0x00	; 0
   0164 40                  413 	.db #0x40	; 64
   0165 40                  414 	.db #0x40	; 64
   0166 60                  415 	.db #0x60	; 96
   0167 00                  416 	.db #0x00	; 0
   0168 50                  417 	.db #0x50	; 80	'P'
   0169 20                  418 	.db #0x20	; 32
   016A F0                  419 	.db #0xf0	; 240
   016B 00                  420 	.db #0x00	; 0
   016C 30                  421 	.db #0x30	; 48	'0'
   016D 80                  422 	.db #0x80	; 128
   016E A8                  423 	.db #0xa8	; 168
   016F 40                  424 	.db #0x40	; 64
   0170 54                  425 	.db #0x54	; 84	'T'
   0171 00                  426 	.db #0x00	; 0
   0172 AA                  427 	.db #0xaa	; 170
   0173 00                  428 	.db #0x00	; 0
   0174 54                  429 	.db #0x54	; 84	'T'
   0175 00                  430 	.db #0x00	; 0
   0176 AA                  431 	.db #0xaa	; 170
   0177 00                  432 	.db #0x00	; 0
   0178 10                  433 	.db #0x10	; 16
   0179 00                  434 	.db #0x00	; 0
   017A 00                  435 	.db #0x00	; 0
   017B 00                  436 	.db #0x00	; 0
   017C 00                  437 	.db #0x00	; 0
   017D 00                  438 	.db #0x00	; 0
   017E 00                  439 	.db #0x00	; 0
   017F 00                  440 	.db #0x00	; 0
   0180 2A                  441 	.db #0x2a	; 42
   0181 00                  442 	.db #0x00	; 0
   0182 15                  443 	.db #0x15	; 21
   0183 00                  444 	.db #0x00	; 0
   0184 2A                  445 	.db #0x2a	; 42
   0185 05                  446 	.db #0x05	; 5
   0186 55                  447 	.db #0x55	; 85	'U'
   0187 00                  448 	.db #0x00	; 0
   0188 0A                  449 	.db #0x0a	; 10
   0189 25                  450 	.db #0x25	; 37
   018A 55                  451 	.db #0x55	; 85	'U'
   018B 02                  452 	.db #0x02	; 2
   018C 2A                  453 	.db #0x2a	; 42
   018D 15                  454 	.db #0x15	; 21
   018E 55                  455 	.db #0x55	; 85	'U'
   018F 0A                  456 	.db #0x0a	; 10
   0190 AB                  457 	.db #0xab	; 171
   0191 54                  458 	.db #0x54	; 84	'T'
   0192 55                  459 	.db #0x55	; 85	'U'
   0193 2A                  460 	.db #0x2a	; 42
   0194 AA                  461 	.db #0xaa	; 170
   0195 54                  462 	.db #0x54	; 84	'T'
   0196 15                  463 	.db #0x15	; 21
   0197 68                  464 	.db #0x68	; 104	'h'
   0198 A9                  465 	.db #0xa9	; 169
   0199 50                  466 	.db #0x50	; 80	'P'
   019A 5A                  467 	.db #0x5a	; 90	'Z'
   019B 20                  468 	.db #0x20	; 32
   019C 3E                  469 	.db #0x3e	; 62
   019D 12                  470 	.db #0x12	; 18
   019E 36                  471 	.db #0x36	; 54	'6'
   019F 36                  472 	.db #0x36	; 54	'6'
   01A0 80                  473 	.db #0x80	; 128
   01A1 00                  474 	.db #0x00	; 0
   01A2 40                  475 	.db #0x40	; 64
   01A3 00                  476 	.db #0x00	; 0
   01A4 C0                  477 	.db #0xc0	; 192
   01A5 00                  478 	.db #0x00	; 0
   01A6 60                  479 	.db #0x60	; 96
   01A7 80                  480 	.db #0x80	; 128
   01A8 D0                  481 	.db #0xd0	; 208
   01A9 20                  482 	.db #0x20	; 32
   01AA F0                  483 	.db #0xf0	; 240
   01AB 00                  484 	.db #0x00	; 0
   01AC 40                  485 	.db #0x40	; 64
   01AD 80                  486 	.db #0x80	; 128
   01AE F0                  487 	.db #0xf0	; 240
   01AF 10                  488 	.db #0x10	; 16
   01B0 80                  489 	.db #0x80	; 128
   01B1 00                  490 	.db #0x00	; 0
   01B2 E0                  491 	.db #0xe0	; 224
   01B3 60                  492 	.db #0x60	; 96
   01B4 80                  493 	.db #0x80	; 128
   01B5 00                  494 	.db #0x00	; 0
   01B6 00                  495 	.db #0x00	; 0
   01B7 00                  496 	.db #0x00	; 0
   01B8 00                  497 	.db #0x00	; 0
   01B9 00                  498 	.db #0x00	; 0
   01BA 00                  499 	.db #0x00	; 0
   01BB 00                  500 	.db #0x00	; 0
   01BC 00                  501 	.db #0x00	; 0
   01BD 00                  502 	.db #0x00	; 0
   01BE 00                  503 	.db #0x00	; 0
   01BF 00                  504 	.db #0x00	; 0
   01C0 00                  505 	.db #0x00	; 0
   01C1 00                  506 	.db #0x00	; 0
   01C2 00                  507 	.db #0x00	; 0
   01C3 00                  508 	.db #0x00	; 0
   01C4 00                  509 	.db #0x00	; 0
   01C5 00                  510 	.db #0x00	; 0
   01C6 00                  511 	.db #0x00	; 0
   01C7 00                  512 	.db #0x00	; 0
   01C8 02                  513 	.db #0x02	; 2
   01C9 00                  514 	.db #0x00	; 0
   01CA 05                  515 	.db #0x05	; 5
   01CB 00                  516 	.db #0x00	; 0
   01CC 1A                  517 	.db #0x1a	; 26
   01CD 00                  518 	.db #0x00	; 0
   01CE 25                  519 	.db #0x25	; 37
   01CF 0A                  520 	.db #0x0a	; 10
   01D0 6A                  521 	.db #0x6a	; 106	'j'
   01D1 15                  522 	.db #0x15	; 21
   01D2 55                  523 	.db #0x55	; 85	'U'
   01D3 AA                  524 	.db #0xaa	; 170
   01D4 2F                  525 	.db #0x2f	; 47
   01D5 50                  526 	.db #0x50	; 80	'P'
   01D6 5C                  527 	.db #0x5c	; 92
   01D7 A0                  528 	.db #0xa0	; 160
   01D8 38                  529 	.db #0x38	; 56	'8'
   01D9 41                  530 	.db #0x41	; 65	'A'
   01DA 14                  531 	.db #0x14	; 20
   01DB 6A                  532 	.db #0x6a	; 106	'j'
   01DC 74                  533 	.db #0x74	; 116	't'
   01DD 68                  534 	.db #0x68	; 104	'h'
   01DE 0C                  535 	.db #0x0c	; 12
   01DF 0C                  536 	.db #0x0c	; 12
   01E0 00                  537 	.db #0x00	; 0
   01E1 00                  538 	.db #0x00	; 0
   01E2 00                  539 	.db #0x00	; 0
   01E3 00                  540 	.db #0x00	; 0
   01E4 00                  541 	.db #0x00	; 0
   01E5 00                  542 	.db #0x00	; 0
   01E6 10                  543 	.db #0x10	; 16
   01E7 00                  544 	.db #0x00	; 0
   01E8 AA                  545 	.db #0xaa	; 170
   01E9 00                  546 	.db #0x00	; 0
   01EA 54                  547 	.db #0x54	; 84	'T'
   01EB 00                  548 	.db #0x00	; 0
   01EC AA                  549 	.db #0xaa	; 170
   01ED 00                  550 	.db #0x00	; 0
   01EE 54                  551 	.db #0x54	; 84	'T'
   01EF 00                  552 	.db #0x00	; 0
   01F0 A8                  553 	.db #0xa8	; 168
   01F1 40                  554 	.db #0x40	; 64
   01F2 30                  555 	.db #0x30	; 48	'0'
   01F3 80                  556 	.db #0x80	; 128
   01F4 F0                  557 	.db #0xf0	; 240
   01F5 00                  558 	.db #0x00	; 0
   01F6 50                  559 	.db #0x50	; 80	'P'
   01F7 20                  560 	.db #0x20	; 32
   01F8 60                  561 	.db #0x60	; 96
   01F9 00                  562 	.db #0x00	; 0
   01FA 40                  563 	.db #0x40	; 64
   01FB 40                  564 	.db #0x40	; 64
   01FC 00                  565 	.db #0x00	; 0
   01FD 00                  566 	.db #0x00	; 0
   01FE 00                  567 	.db #0x00	; 0
   01FF 00                  568 	.db #0x00	; 0
   0200                     569 _porcupine_internal:
   0200 10                  570 	.db #0x10	; 16
   0201 10                  571 	.db #0x10	; 16
   0202 08                  572 	.db #0x08	; 8
   0203r00r00               573 	.dw _porcupine_tiles
   0205 00 00               574 	.dw #0x0000
                            575 	.area _CABS (ABS)
