                              1 ;--------------------------------------------------------
                              2 ; File Created by SDCC : free open source ANSI-C Compiler
                              3 ; Version 4.0.0 #11528 (MINGW32)
                              4 ;--------------------------------------------------------
                              5 	.module window_b3_gbm
                              6 	.optsdcc -mgbz80
                              7 	
                              8 ;--------------------------------------------------------
                              9 ; Public variables in this module
                             10 ;--------------------------------------------------------
                             11 	.globl _window_internal
                             12 	.globl _window_map
                             13 	.globl _empty
                             14 	.globl _window
                             15 ;--------------------------------------------------------
                             16 ; special function registers
                             17 ;--------------------------------------------------------
                             18 ;--------------------------------------------------------
                             19 ; ram data
                             20 ;--------------------------------------------------------
                             21 	.area _DATA
                             22 ;--------------------------------------------------------
                             23 ; CODE rom data
                             24 ;--------------------------------------------------------
                             25 	.area _CODE
   0000                      26 _window:
   0000 03                   27 	.db #0x03	; 3
   0001r50r00                28 	.dw _window_internal
                             29 ;--------------------------------------------------------
                             30 ; absolute external ram data
                             31 ;--------------------------------------------------------
                             32 	.area _DABS (ABS)
                             33 ;--------------------------------------------------------
                             34 ; global & static initialisations
                             35 ;--------------------------------------------------------
                             36 	.area _HOME
                             37 	.area _GSINIT
                             38 	.area _GSFINAL
                             39 	.area _GSINIT
                             40 ;--------------------------------------------------------
                             41 ; Home
                             42 ;--------------------------------------------------------
                             43 	.area _HOME
                             44 ;../res/src/window.b3.gbm.c:3: void empty(void) __nonbanked {}
                             45 ;	---------------------------------
                             46 ; Function empty
                             47 ; ---------------------------------
   0000                      48 _empty::
   0000 C9                   49 	ret
                             50 	.area _HOME
                             51 ;--------------------------------------------------------
                             52 ; code
                             53 ;--------------------------------------------------------
                             54 	.area _CODE_3
                             55 	.area _CODE_3
   0000                      56 _window_map:
   0000 23                   57 	.db #0x23	; 35
   0001 23                   58 	.db #0x23	; 35
   0002 23                   59 	.db #0x23	; 35
   0003 23                   60 	.db #0x23	; 35
   0004 23                   61 	.db #0x23	; 35
   0005 23                   62 	.db #0x23	; 35
   0006 23                   63 	.db #0x23	; 35
   0007 23                   64 	.db #0x23	; 35
   0008 23                   65 	.db #0x23	; 35
   0009 23                   66 	.db #0x23	; 35
   000A 23                   67 	.db #0x23	; 35
   000B 23                   68 	.db #0x23	; 35
   000C 23                   69 	.db #0x23	; 35
   000D 23                   70 	.db #0x23	; 35
   000E 23                   71 	.db #0x23	; 35
   000F 23                   72 	.db #0x23	; 35
   0010 23                   73 	.db #0x23	; 35
   0011 23                   74 	.db #0x23	; 35
   0012 23                   75 	.db #0x23	; 35
   0013 23                   76 	.db #0x23	; 35
   0014 23                   77 	.db #0x23	; 35
   0015 22                   78 	.db #0x22	; 34
   0016 00                   79 	.db #0x00	; 0
   0017 00                   80 	.db #0x00	; 0
   0018 23                   81 	.db #0x23	; 35
   0019 23                   82 	.db #0x23	; 35
   001A 21                   83 	.db #0x21	; 33
   001B 00                   84 	.db #0x00	; 0
   001C 00                   85 	.db #0x00	; 0
   001D 00                   86 	.db #0x00	; 0
   001E 23                   87 	.db #0x23	; 35
   001F 08                   88 	.db #0x08	; 8
   0020 23                   89 	.db #0x23	; 35
   0021 23                   90 	.db #0x23	; 35
   0022 23                   91 	.db #0x23	; 35
   0023 23                   92 	.db #0x23	; 35
   0024 20                   93 	.db #0x20	; 32
   0025 00                   94 	.db #0x00	; 0
   0026 00                   95 	.db #0x00	; 0
   0027 23                   96 	.db #0x23	; 35
   0028 23                   97 	.db #0x23	; 35
   0029 23                   98 	.db #0x23	; 35
   002A 23                   99 	.db #0x23	; 35
   002B 23                  100 	.db #0x23	; 35
   002C 23                  101 	.db #0x23	; 35
   002D 23                  102 	.db #0x23	; 35
   002E 23                  103 	.db #0x23	; 35
   002F 23                  104 	.db #0x23	; 35
   0030 23                  105 	.db #0x23	; 35
   0031 23                  106 	.db #0x23	; 35
   0032 23                  107 	.db #0x23	; 35
   0033 23                  108 	.db #0x23	; 35
   0034 23                  109 	.db #0x23	; 35
   0035 23                  110 	.db #0x23	; 35
   0036 23                  111 	.db #0x23	; 35
   0037 23                  112 	.db #0x23	; 35
   0038 23                  113 	.db #0x23	; 35
   0039 23                  114 	.db #0x23	; 35
   003A 23                  115 	.db #0x23	; 35
   003B 23                  116 	.db #0x23	; 35
   003C 23                  117 	.db #0x23	; 35
   003D 23                  118 	.db #0x23	; 35
   003E 23                  119 	.db #0x23	; 35
   003F 23                  120 	.db #0x23	; 35
   0040 23                  121 	.db #0x23	; 35
   0041 23                  122 	.db #0x23	; 35
   0042 23                  123 	.db #0x23	; 35
   0043 23                  124 	.db #0x23	; 35
   0044 23                  125 	.db #0x23	; 35
   0045 23                  126 	.db #0x23	; 35
   0046 23                  127 	.db #0x23	; 35
   0047 23                  128 	.db #0x23	; 35
   0048 23                  129 	.db #0x23	; 35
   0049 23                  130 	.db #0x23	; 35
   004A 23                  131 	.db #0x23	; 35
   004B 23                  132 	.db #0x23	; 35
   004C 23                  133 	.db #0x23	; 35
   004D 23                  134 	.db #0x23	; 35
   004E 23                  135 	.db #0x23	; 35
   004F 23                  136 	.db #0x23	; 35
   0050                     137 _window_internal:
   0050r00r00               138 	.dw _window_map
   0052 14                  139 	.db #0x14	; 20
   0053 04                  140 	.db #0x04	; 4
   0054 00 00               141 	.dw #0x0000
   0056r00r00               142 	.dw _tiles
                            143 	.area _CABS (ABS)
