                              1 ;--------------------------------------------------------
                              2 ; File Created by SDCC : free open source ANSI-C Compiler
                              3 ; Version 4.0.0 #11528 (MINGW32)
                              4 ;--------------------------------------------------------
                              5 	.module Math
                              6 	.optsdcc -mgbz80
                              7 	
                              8 ;--------------------------------------------------------
                              9 ; Public variables in this module
                             10 ;--------------------------------------------------------
                             11 	.globl _DespRight
                             12 ;--------------------------------------------------------
                             13 ; special function registers
                             14 ;--------------------------------------------------------
                             15 ;--------------------------------------------------------
                             16 ; ram data
                             17 ;--------------------------------------------------------
                             18 	.area _DATA
                             19 ;--------------------------------------------------------
                             20 ; absolute external ram data
                             21 ;--------------------------------------------------------
                             22 	.area _DABS (ABS)
                             23 ;--------------------------------------------------------
                             24 ; global & static initialisations
                             25 ;--------------------------------------------------------
                             26 	.area _HOME
                             27 	.area _GSINIT
                             28 	.area _GSFINAL
                             29 	.area _GSINIT
                             30 ;--------------------------------------------------------
                             31 ; Home
                             32 ;--------------------------------------------------------
                             33 	.area _HOME
                             34 	.area _HOME
                             35 ;--------------------------------------------------------
                             36 ; code
                             37 ;--------------------------------------------------------
                             38 	.area _CODE
                             39 ;C:/GB/ZGB/common/src/Math.c:3: INT16 DespRight(INT16 a, INT16 b) {
                             40 ;	---------------------------------
                             41 ; Function DespRight
                             42 ; ---------------------------------
   0000                      43 _DespRight::
                             44 ;C:/GB/ZGB/common/src/Math.c:4: return a >> b;
   0000 F8 04                45 	ldhl	sp,	#4
   0002 7E                   46 	ld	a, (hl)
   0003 F5                   47 	push	af
   0004 2B                   48 	dec	hl
   0005 2B                   49 	dec	hl
   0006 5E                   50 	ld	e, (hl)
   0007 23                   51 	inc	hl
   0008 56                   52 	ld	d, (hl)
   0009 F1                   53 	pop	af
   000A 3C                   54 	inc	a
   000B 18 04                55 	jr	00104$
   000D                      56 00103$:
   000D CB 2A                57 	sra	d
   000F CB 1B                58 	rr	e
   0011                      59 00104$:
   0011 3D                   60 	dec	a
   0012 20 F9                61 	jr	NZ, 00103$
                             62 ;C:/GB/ZGB/common/src/Math.c:5: }
   0014 C9                   63 	ret
                             64 	.area _CODE
                             65 	.area _CABS (ABS)
