                              1 ;--------------------------------------------------------
                              2 ; File Created by SDCC : free open source ANSI-C Compiler
                              3 ; Version 4.0.0 #11528 (MINGW32)
                              4 ;--------------------------------------------------------
                              5 	.module Print
                              6 	.optsdcc -mgbz80
                              7 	
                              8 ;--------------------------------------------------------
                              9 ; Public variables in this module
                             10 ;--------------------------------------------------------
                             11 	.globl _set_win_tiles
                             12 	.globl _set_bkg_tiles
                             13 	.globl _print_target
                             14 	.globl _font_idx
                             15 	.globl _print_y
                             16 	.globl _print_x
                             17 	.globl _UIntToString
                             18 	.globl _IntToString
                             19 	.globl _Printf
                             20 ;--------------------------------------------------------
                             21 ; special function registers
                             22 ;--------------------------------------------------------
                             23 ;--------------------------------------------------------
                             24 ; ram data
                             25 ;--------------------------------------------------------
                             26 	.area _DATA
   0000                      27 _print_x::
   0000                      28 	.ds 1
   0001                      29 _print_y::
   0001                      30 	.ds 1
   0002                      31 _font_idx::
   0002                      32 	.ds 1
   0003                      33 _print_target::
   0003                      34 	.ds 1
                             35 ;--------------------------------------------------------
                             36 ; absolute external ram data
                             37 ;--------------------------------------------------------
                             38 	.area _DABS (ABS)
                             39 ;--------------------------------------------------------
                             40 ; global & static initialisations
                             41 ;--------------------------------------------------------
                             42 	.area _HOME
                             43 	.area _GSINIT
                             44 	.area _GSFINAL
                             45 	.area _GSINIT
                             46 ;C:/GB/ZGB/common/src/Print.c:7: UINT8 print_x = 0;
   0000 21r00r00             47 	ld	hl, #_print_x
   0003 36 00                48 	ld	(hl), #0x00
                             49 ;C:/GB/ZGB/common/src/Print.c:8: UINT8 print_y = 0;
   0005 21r01r00             50 	ld	hl, #_print_y
   0008 36 00                51 	ld	(hl), #0x00
                             52 ;C:/GB/ZGB/common/src/Print.c:9: UINT8 font_idx = 128;
   000A 21r02r00             53 	ld	hl, #_font_idx
   000D 36 80                54 	ld	(hl), #0x80
                             55 ;C:/GB/ZGB/common/src/Print.c:10: UINT8 print_target = PRINT_BKG;
   000F 21r03r00             56 	ld	hl, #_print_target
   0012 36 00                57 	ld	(hl), #0x00
                             58 ;--------------------------------------------------------
                             59 ; Home
                             60 ;--------------------------------------------------------
                             61 	.area _HOME
                             62 	.area _HOME
                             63 ;--------------------------------------------------------
                             64 ; code
                             65 ;--------------------------------------------------------
                             66 	.area _CODE
                             67 ;C:/GB/ZGB/common/src/Print.c:12: void UIntToString(UINT16 n, unsigned char* str) {
                             68 ;	---------------------------------
                             69 ; Function UIntToString
                             70 ; ---------------------------------
   0000                      71 _UIntToString::
   0000 3B                   72 	dec	sp
                             73 ;C:/GB/ZGB/common/src/Print.c:13: UINT16 tmp = n;
   0001 F8 03                74 	ldhl	sp,#(4 - 1)
   0003 5E                   75 	ld	e, (hl)
   0004 23                   76 	inc	hl
   0005 56                   77 	ld	d, (hl)
                             78 ;C:/GB/ZGB/common/src/Print.c:16: if(n == 0) {
   0006 7A                   79 	ld	a, d
   0007 B3                   80 	or	a, e
   0008 20 0D                81 	jr	NZ,00114$
                             82 ;C:/GB/ZGB/common/src/Print.c:17: str[0] ='0';
   000A 23                   83 	inc	hl
   000B 4E                   84 	ld	c, (hl)
   000C 23                   85 	inc	hl
   000D 46                   86 	ld	b, (hl)
   000E 3E 30                87 	ld	a, #0x30
   0010 02                   88 	ld	(bc), a
                             89 ;C:/GB/ZGB/common/src/Print.c:18: str[1] = '\0';
   0011 03                   90 	inc	bc
   0012 AF                   91 	xor	a, a
   0013 02                   92 	ld	(bc), a
   0014 C3r82r00             93 	jp	00110$
                             94 ;C:/GB/ZGB/common/src/Print.c:20: while(tmp) {
   0017                      95 00114$:
   0017 0E 00                96 	ld	c, #0x00
   0019                      97 00101$:
   0019 7A                   98 	ld	a, d
   001A B3                   99 	or	a, e
   001B 28 0F               100 	jr	Z,00103$
                            101 ;C:/GB/ZGB/common/src/Print.c:21: tmp /= 10;
   001D C5                  102 	push	bc
   001E 21 0A 00            103 	ld	hl, #0x000a
   0021 E5                  104 	push	hl
   0022 D5                  105 	push	de
   0023 CDr00r00            106 	call	__divuint
   0026 E8 04               107 	add	sp, #4
   0028 C1                  108 	pop	bc
                            109 ;C:/GB/ZGB/common/src/Print.c:22: size ++;
   0029 0C                  110 	inc	c
   002A 18 ED               111 	jr	00101$
   002C                     112 00103$:
                            113 ;C:/GB/ZGB/common/src/Print.c:24: str[size] = '\0';
   002C F8 05               114 	ldhl	sp,#(6 - 1)
   002E 5E                  115 	ld	e, (hl)
   002F 23                  116 	inc	hl
   0030 56                  117 	ld	d, (hl)
   0031 69                  118 	ld	l, c
   0032 26 00               119 	ld	h, #0x00
   0034 19                  120 	add	hl, de
   0035 45                  121 	ld	b,l
   0036 7C                  122 	ld	a,h
   0037 36 00               123 	ld	(hl), #0x00
                            124 ;C:/GB/ZGB/common/src/Print.c:25: size --;
   0039 79                  125 	ld	a, c
   003A C6 FF               126 	add	a, #0xff
   003C F8 00               127 	ldhl	sp,	#0
   003E 77                  128 	ld	(hl), a
                            129 ;C:/GB/ZGB/common/src/Print.c:27: while(n) {
   003F                     130 00104$:
   003F F8 04               131 	ldhl	sp,	#4
   0041 3A                  132 	ld	a, (hl-)
   0042 B6                  133 	or	a, (hl)
   0043 CAr82r00            134 	jp	Z, 00110$
                            135 ;C:/GB/ZGB/common/src/Print.c:28: str[size] = (n % 10) + '0';
   0046 F8 05               136 	ldhl	sp,#(6 - 1)
   0048 5E                  137 	ld	e, (hl)
   0049 23                  138 	inc	hl
   004A 56                  139 	ld	d, (hl)
   004B F8 00               140 	ldhl	sp,	#0
   004D 6E                  141 	ld	l, (hl)
   004E 26 00               142 	ld	h, #0x00
   0050 19                  143 	add	hl, de
   0051 4D                  144 	ld	c, l
   0052 44                  145 	ld	b, h
   0053 C5                  146 	push	bc
   0054 21 0A 00            147 	ld	hl, #0x000a
   0057 E5                  148 	push	hl
   0058 F8 07               149 	ldhl	sp,	#7
   005A 2A                  150 	ld	a, (hl+)
   005B 66                  151 	ld	h, (hl)
   005C 6F                  152 	ld	l, a
   005D E5                  153 	push	hl
   005E CDr00r00            154 	call	__moduint
   0061 E8 04               155 	add	sp, #4
   0063 C1                  156 	pop	bc
   0064 7B                  157 	ld	a, e
   0065 C6 30               158 	add	a, #0x30
   0067 02                  159 	ld	(bc), a
                            160 ;C:/GB/ZGB/common/src/Print.c:29: n /= 10;
   0068 21 0A 00            161 	ld	hl, #0x000a
   006B E5                  162 	push	hl
   006C F8 05               163 	ldhl	sp,	#5
   006E 2A                  164 	ld	a, (hl+)
   006F 66                  165 	ld	h, (hl)
   0070 6F                  166 	ld	l, a
   0071 E5                  167 	push	hl
   0072 CDr00r00            168 	call	__divuint
   0075 E8 04               169 	add	sp, #4
   0077 F8 03               170 	ldhl	sp,	#3
   0079 73                  171 	ld	(hl), e
   007A 23                  172 	inc	hl
   007B 72                  173 	ld	(hl), d
                            174 ;C:/GB/ZGB/common/src/Print.c:30: size --;
   007C F8 00               175 	ldhl	sp,	#0
   007E 35                  176 	dec	(hl)
   007F C3r3Fr00            177 	jp	00104$
   0082                     178 00110$:
                            179 ;C:/GB/ZGB/common/src/Print.c:33: }
   0082 33                  180 	inc	sp
   0083 C9                  181 	ret
                            182 ;C:/GB/ZGB/common/src/Print.c:35: void IntToString(INT16 n, unsigned char* str) {
                            183 ;	---------------------------------
                            184 ; Function IntToString
                            185 ; ---------------------------------
   0084                     186 _IntToString::
                            187 ;C:/GB/ZGB/common/src/Print.c:39: if(n < 0){
   0084 F8 02               188 	ldhl	sp,	#2
   0086 7E                  189 	ld	a, (hl)
   0087 D6 00               190 	sub	a, #0x00
   0089 23                  191 	inc	hl
   008A 7E                  192 	ld	a, (hl)
   008B DE 00               193 	sbc	a, #0x00
   008D 56                  194 	ld	d, (hl)
   008E 3E 00               195 	ld	a, #0x00
   0090 5F                  196 	ld	e, a
   0091 CB 7B               197 	bit	7, e
   0093 28 07               198 	jr	Z,00110$
   0095 CB 7A               199 	bit	7, d
   0097 20 08               200 	jr	NZ,00111$
   0099 BF                  201 	cp	a, a
   009A 18 05               202 	jr	00111$
   009C                     203 00110$:
   009C CB 7A               204 	bit	7, d
   009E 28 01               205 	jr	Z,00111$
   00A0 37                  206 	scf
   00A1                     207 00111$:
   00A1 30 1C               208 	jr	NC,00102$
                            209 ;C:/GB/ZGB/common/src/Print.c:40: n = 0xFFFF - n + 1; //I tried -n but it doesn't work
   00A3 F8 02               210 	ldhl	sp,#(3 - 1)
   00A5 4E                  211 	ld	c, (hl)
   00A6 23                  212 	inc	hl
   00A7 46                  213 	ld	b, (hl)
   00A8 AF                  214 	xor	a, a
   00A9 91                  215 	sub	a, c
   00AA 4F                  216 	ld	c, a
   00AB 3E 00               217 	ld	a, #0x00
   00AD 98                  218 	sbc	a, b
   00AE 47                  219 	ld	b, a
   00AF 2B                  220 	dec	hl
   00B0 71                  221 	ld	(hl), c
   00B1 23                  222 	inc	hl
   00B2 70                  223 	ld	(hl), b
                            224 ;C:/GB/ZGB/common/src/Print.c:41: str[0] = '-';
   00B3 23                  225 	inc	hl
   00B4 4E                  226 	ld	c, (hl)
   00B5 23                  227 	inc	hl
   00B6 46                  228 	ld	b, (hl)
   00B7 3E 2D               229 	ld	a, #0x2d
   00B9 02                  230 	ld	(bc), a
                            231 ;C:/GB/ZGB/common/src/Print.c:42: str ++;
   00BA 03                  232 	inc	bc
   00BB 2B                  233 	dec	hl
   00BC 71                  234 	ld	(hl), c
   00BD 23                  235 	inc	hl
   00BE 70                  236 	ld	(hl), b
   00BF                     237 00102$:
                            238 ;C:/GB/ZGB/common/src/Print.c:45: UIntToString(n, str);
   00BF F8 04               239 	ldhl	sp,	#4
   00C1 2A                  240 	ld	a, (hl+)
   00C2 66                  241 	ld	h, (hl)
   00C3 6F                  242 	ld	l, a
   00C4 E5                  243 	push	hl
   00C5 F8 04               244 	ldhl	sp,	#4
   00C7 2A                  245 	ld	a, (hl+)
   00C8 66                  246 	ld	h, (hl)
   00C9 6F                  247 	ld	l, a
   00CA E5                  248 	push	hl
   00CB CDr00r00            249 	call	_UIntToString
   00CE E8 04               250 	add	sp, #4
                            251 ;C:/GB/ZGB/common/src/Print.c:46: }
   00D0 C9                  252 	ret
                            253 ;C:/GB/ZGB/common/src/Print.c:48: void Printf(const char* txt, ...){
                            254 ;	---------------------------------
                            255 ; Function Printf
                            256 ; ---------------------------------
   00D1                     257 _Printf::
   00D1 E8 E9               258 	add	sp, #-23
                            259 ;C:/GB/ZGB/common/src/Print.c:54: va_start(list, txt); 
   00D3 F8 19               260 	ldhl	sp,	#25
   00D5 4D                  261 	ld	c, l
   00D6 44                  262 	ld	b, h
   00D7 03                  263 	inc	bc
   00D8 03                  264 	inc	bc
   00D9 F8 0B               265 	ldhl	sp,	#11
   00DB 71                  266 	ld	(hl), c
   00DC 23                  267 	inc	hl
   00DD 70                  268 	ld	(hl), b
                            269 ;C:/GB/ZGB/common/src/Print.c:55: while(*txt) {
   00DE F8 01               270 	ldhl	sp,	#1
   00E0 7D                  271 	ld	a, l
   00E1 54                  272 	ld	d, h
   00E2 F8 0D               273 	ldhl	sp,	#13
   00E4 22                  274 	ld	(hl+), a
   00E5 72                  275 	ld	(hl), d
   00E6 2B                  276 	dec	hl
   00E7 2A                  277 	ld	a, (hl+)
   00E8 5E                  278 	ld	e, (hl)
   00E9 23                  279 	inc	hl
   00EA 22                  280 	ld	(hl+), a
   00EB 73                  281 	ld	(hl), e
   00EC F8 0D               282 	ldhl	sp,	#13
   00EE 2A                  283 	ld	a, (hl+)
   00EF 5E                  284 	ld	e, (hl)
   00F0 F8 11               285 	ldhl	sp,	#17
   00F2 22                  286 	ld	(hl+), a
   00F3 73                  287 	ld	(hl), e
   00F4 F8 0D               288 	ldhl	sp,	#13
   00F6 2A                  289 	ld	a, (hl+)
   00F7 5E                  290 	ld	e, (hl)
   00F8 F8 13               291 	ldhl	sp,	#19
   00FA 22                  292 	ld	(hl+), a
   00FB 73                  293 	ld	(hl), e
   00FC                     294 00140$:
   00FC F8 19               295 	ldhl	sp,#(26 - 1)
   00FE 5E                  296 	ld	e, (hl)
   00FF 23                  297 	inc	hl
   0100 56                  298 	ld	d, (hl)
   0101 1A                  299 	ld	a, (de)
   0102 4F                  300 	ld	c,a
   0103 B7                  301 	or	a, a
   0104 CArD2r03            302 	jp	Z, 00143$
                            303 ;C:/GB/ZGB/common/src/Print.c:56: if(*txt == ' ') {
   0107 79                  304 	ld	a, c
   0108 D6 20               305 	sub	a, #0x20
   010A 20 0C               306 	jr	NZ,00135$
                            307 ;C:/GB/ZGB/common/src/Print.c:57: c = font_idx;
   010C E5                  308 	push	hl
   010D 21r02r00            309 	ld	hl, #_font_idx
   0110 7E                  310 	ld	a, (hl)
   0111 F8 02               311 	ldhl	sp,	#2
   0113 77                  312 	ld	(hl), a
   0114 E1                  313 	pop	hl
   0115 C3r6Fr03            314 	jp	00136$
   0118                     315 00135$:
                            316 ;C:/GB/ZGB/common/src/Print.c:58: } else if(*txt >= 'A' && *txt <= 'Z'){
   0118 79                  317 	ld	a, c
   0119 EE 80               318 	xor	a, #0x80
   011B D6 C1               319 	sub	a, #0xc1
   011D 38 28               320 	jr	C,00131$
   011F 79                  321 	ld	a, c
   0120 5F                  322 	ld	e, a
   0121 3E 5A               323 	ld	a, #0x5a
   0123 57                  324 	ld	d, a
   0124 3E 5A               325 	ld	a, #0x5a
   0126 91                  326 	sub	a, c
   0127 CB 7B               327 	bit	7, e
   0129 28 07               328 	jr	Z,00292$
   012B CB 7A               329 	bit	7, d
   012D 20 08               330 	jr	NZ,00293$
   012F BF                  331 	cp	a, a
   0130 18 05               332 	jr	00293$
   0132                     333 00292$:
   0132 CB 7A               334 	bit	7, d
   0134 28 01               335 	jr	Z,00293$
   0136 37                  336 	scf
   0137                     337 00293$:
   0137 38 0E               338 	jr	C,00131$
                            339 ;C:/GB/ZGB/common/src/Print.c:59: c = font_idx +  1 + *txt - 'A';
   0139 79                  340 	ld	a, c
   013A C6 C0               341 	add	a, #0xc0
   013C 21r02r00            342 	ld	hl, #_font_idx
   013F 4E                  343 	ld	c, (hl)
   0140 81                  344 	add	a, c
   0141 F8 00               345 	ldhl	sp,	#0
   0143 77                  346 	ld	(hl), a
   0144 C3r6Fr03            347 	jp	00136$
   0147                     348 00131$:
                            349 ;C:/GB/ZGB/common/src/Print.c:60: } else if(*txt >= 'a' && *txt <= 'z') {
   0147 F8 19               350 	ldhl	sp,#(26 - 1)
   0149 5E                  351 	ld	e, (hl)
   014A 23                  352 	inc	hl
   014B 56                  353 	ld	d, (hl)
   014C 1A                  354 	ld	a, (de)
   014D 4F                  355 	ld	c,a
   014E EE 80               356 	xor	a, #0x80
   0150 D6 E1               357 	sub	a, #0xe1
   0152 38 28               358 	jr	C,00127$
   0154 79                  359 	ld	a, c
   0155 5F                  360 	ld	e, a
   0156 3E 7A               361 	ld	a, #0x7a
   0158 57                  362 	ld	d, a
   0159 3E 7A               363 	ld	a, #0x7a
   015B 91                  364 	sub	a, c
   015C CB 7B               365 	bit	7, e
   015E 28 07               366 	jr	Z,00294$
   0160 CB 7A               367 	bit	7, d
   0162 20 08               368 	jr	NZ,00295$
   0164 BF                  369 	cp	a, a
   0165 18 05               370 	jr	00295$
   0167                     371 00294$:
   0167 CB 7A               372 	bit	7, d
   0169 28 01               373 	jr	Z,00295$
   016B 37                  374 	scf
   016C                     375 00295$:
   016C 38 0E               376 	jr	C,00127$
                            377 ;C:/GB/ZGB/common/src/Print.c:61: c = font_idx +  1 + *txt - 'a';
   016E 79                  378 	ld	a, c
   016F C6 A0               379 	add	a, #0xa0
   0171 21r02r00            380 	ld	hl, #_font_idx
   0174 4E                  381 	ld	c, (hl)
   0175 81                  382 	add	a, c
   0176 F8 00               383 	ldhl	sp,	#0
   0178 77                  384 	ld	(hl), a
   0179 C3r6Fr03            385 	jp	00136$
   017C                     386 00127$:
                            387 ;C:/GB/ZGB/common/src/Print.c:62: } else if(*txt >= '0' && *txt <= '9') {
   017C F8 19               388 	ldhl	sp,#(26 - 1)
   017E 5E                  389 	ld	e, (hl)
   017F 23                  390 	inc	hl
   0180 56                  391 	ld	d, (hl)
   0181 1A                  392 	ld	a, (de)
   0182 4F                  393 	ld	c,a
   0183 EE 80               394 	xor	a, #0x80
   0185 D6 B0               395 	sub	a, #0xb0
   0187 38 28               396 	jr	C,00123$
   0189 79                  397 	ld	a, c
   018A 5F                  398 	ld	e, a
   018B 3E 39               399 	ld	a, #0x39
   018D 57                  400 	ld	d, a
   018E 3E 39               401 	ld	a, #0x39
   0190 91                  402 	sub	a, c
   0191 CB 7B               403 	bit	7, e
   0193 28 07               404 	jr	Z,00296$
   0195 CB 7A               405 	bit	7, d
   0197 20 08               406 	jr	NZ,00297$
   0199 BF                  407 	cp	a, a
   019A 18 05               408 	jr	00297$
   019C                     409 00296$:
   019C CB 7A               410 	bit	7, d
   019E 28 01               411 	jr	Z,00297$
   01A0 37                  412 	scf
   01A1                     413 00297$:
   01A1 38 0E               414 	jr	C,00123$
                            415 ;C:/GB/ZGB/common/src/Print.c:63: c = font_idx + 27 + *txt - '0';
   01A3 79                  416 	ld	a, c
   01A4 C6 EB               417 	add	a, #0xeb
   01A6 21r02r00            418 	ld	hl, #_font_idx
   01A9 4E                  419 	ld	c, (hl)
   01AA 81                  420 	add	a, c
   01AB F8 00               421 	ldhl	sp,	#0
   01AD 77                  422 	ld	(hl), a
   01AE C3r6Fr03            423 	jp	00136$
   01B1                     424 00123$:
                            425 ;C:/GB/ZGB/common/src/Print.c:65: switch(*txt) {
   01B1 F8 19               426 	ldhl	sp,#(26 - 1)
   01B3 4E                  427 	ld	c, (hl)
   01B4 23                  428 	inc	hl
   01B5 46                  429 	ld	b, (hl)
   01B6 0A                  430 	ld	a, (bc)
   01B7 FE 21               431 	cp	a, #0x21
   01B9 28 48               432 	jr	Z,00101$
   01BB FE 23               433 	cp	a, #0x23
   01BD CAr87r02            434 	jp	Z,00112$
   01C0 FE 24               435 	cp	a, #0x24
   01C2 CAr63r02            436 	jp	Z,00109$
   01C5 FE 25               437 	cp	a, #0x25
   01C7 CArABr02            438 	jp	Z,00115$
   01CA FE 27               439 	cp	a, #0x27
   01CC 28 41               440 	jr	Z,00102$
   01CE FE 28               441 	cp	a, #0x28
   01D0 CAr1Br02            442 	jp	Z,00103$
   01D3 FE 29               443 	cp	a, #0x29
   01D5 CAr27r02            444 	jp	Z,00104$
   01D8 FE 2D               445 	cp	a, #0x2d
   01DA CAr33r02            446 	jp	Z,00105$
   01DD FE 2E               447 	cp	a, #0x2e
   01DF CAr3Fr02            448 	jp	Z,00106$
   01E2 FE 3A               449 	cp	a, #0x3a
   01E4 CAr4Br02            450 	jp	Z,00107$
   01E7 FE 3C               451 	cp	a, #0x3c
   01E9 CAr9Fr02            452 	jp	Z,00114$
   01EC FE 3F               453 	cp	a, #0x3f
   01EE CAr57r02            454 	jp	Z,00108$
   01F1 FE 40               455 	cp	a, #0x40
   01F3 CAr93r02            456 	jp	Z,00113$
   01F6 FE 5B               457 	cp	a, #0x5b
   01F8 CAr7Br02            458 	jp	Z,00111$
   01FB D6 5D               459 	sub	a, #0x5d
   01FD CAr6Fr02            460 	jp	Z,00110$
   0200 C3r6Fr03            461 	jp	00136$
                            462 ;C:/GB/ZGB/common/src/Print.c:66: case  '!': c= font_idx + 37; break;
   0203                     463 00101$:
   0203 21r02r00            464 	ld	hl, #_font_idx
   0206 7E                  465 	ld	a, (hl)
   0207 C6 25               466 	add	a, #0x25
   0209 F8 00               467 	ldhl	sp,	#0
   020B 77                  468 	ld	(hl), a
   020C C3r6Fr03            469 	jp	00136$
                            470 ;C:/GB/ZGB/common/src/Print.c:67: case '\'': c= font_idx + 38; break;
   020F                     471 00102$:
   020F 21r02r00            472 	ld	hl, #_font_idx
   0212 7E                  473 	ld	a, (hl)
   0213 C6 26               474 	add	a, #0x26
   0215 F8 00               475 	ldhl	sp,	#0
   0217 77                  476 	ld	(hl), a
   0218 C3r6Fr03            477 	jp	00136$
                            478 ;C:/GB/ZGB/common/src/Print.c:68: case  '(': c= font_idx + 39; break;
   021B                     479 00103$:
   021B 21r02r00            480 	ld	hl, #_font_idx
   021E 7E                  481 	ld	a, (hl)
   021F C6 27               482 	add	a, #0x27
   0221 F8 00               483 	ldhl	sp,	#0
   0223 77                  484 	ld	(hl), a
   0224 C3r6Fr03            485 	jp	00136$
                            486 ;C:/GB/ZGB/common/src/Print.c:69: case  ')': c= font_idx + 40; break;
   0227                     487 00104$:
   0227 21r02r00            488 	ld	hl, #_font_idx
   022A 7E                  489 	ld	a, (hl)
   022B C6 28               490 	add	a, #0x28
   022D F8 00               491 	ldhl	sp,	#0
   022F 77                  492 	ld	(hl), a
   0230 C3r6Fr03            493 	jp	00136$
                            494 ;C:/GB/ZGB/common/src/Print.c:70: case  '-': c= font_idx + 41; break;
   0233                     495 00105$:
   0233 21r02r00            496 	ld	hl, #_font_idx
   0236 7E                  497 	ld	a, (hl)
   0237 C6 29               498 	add	a, #0x29
   0239 F8 00               499 	ldhl	sp,	#0
   023B 77                  500 	ld	(hl), a
   023C C3r6Fr03            501 	jp	00136$
                            502 ;C:/GB/ZGB/common/src/Print.c:71: case  '.': c= font_idx + 42; break;
   023F                     503 00106$:
   023F 21r02r00            504 	ld	hl, #_font_idx
   0242 7E                  505 	ld	a, (hl)
   0243 C6 2A               506 	add	a, #0x2a
   0245 F8 00               507 	ldhl	sp,	#0
   0247 77                  508 	ld	(hl), a
   0248 C3r6Fr03            509 	jp	00136$
                            510 ;C:/GB/ZGB/common/src/Print.c:72: case  ':': c= font_idx + 43; break;
   024B                     511 00107$:
   024B 21r02r00            512 	ld	hl, #_font_idx
   024E 7E                  513 	ld	a, (hl)
   024F C6 2B               514 	add	a, #0x2b
   0251 F8 00               515 	ldhl	sp,	#0
   0253 77                  516 	ld	(hl), a
   0254 C3r6Fr03            517 	jp	00136$
                            518 ;C:/GB/ZGB/common/src/Print.c:73: case  '?': c= font_idx + 44; break;
   0257                     519 00108$:
   0257 21r02r00            520 	ld	hl, #_font_idx
   025A 7E                  521 	ld	a, (hl)
   025B C6 2C               522 	add	a, #0x2c
   025D F8 00               523 	ldhl	sp,	#0
   025F 77                  524 	ld	(hl), a
   0260 C3r6Fr03            525 	jp	00136$
                            526 ;C:/GB/ZGB/common/src/Print.c:76: case  '$': c= font_idx + 45; break;
   0263                     527 00109$:
   0263 21r02r00            528 	ld	hl, #_font_idx
   0266 7E                  529 	ld	a, (hl)
   0267 C6 2D               530 	add	a, #0x2d
   0269 F8 00               531 	ldhl	sp,	#0
   026B 77                  532 	ld	(hl), a
   026C C3r6Fr03            533 	jp	00136$
                            534 ;C:/GB/ZGB/common/src/Print.c:77: case  ']': c= font_idx + 46; break;
   026F                     535 00110$:
   026F 21r02r00            536 	ld	hl, #_font_idx
   0272 7E                  537 	ld	a, (hl)
   0273 C6 2E               538 	add	a, #0x2e
   0275 F8 00               539 	ldhl	sp,	#0
   0277 77                  540 	ld	(hl), a
   0278 C3r6Fr03            541 	jp	00136$
                            542 ;C:/GB/ZGB/common/src/Print.c:78: case  '[': c= font_idx + 47; break;
   027B                     543 00111$:
   027B 21r02r00            544 	ld	hl, #_font_idx
   027E 7E                  545 	ld	a, (hl)
   027F C6 2F               546 	add	a, #0x2f
   0281 F8 00               547 	ldhl	sp,	#0
   0283 77                  548 	ld	(hl), a
   0284 C3r6Fr03            549 	jp	00136$
                            550 ;C:/GB/ZGB/common/src/Print.c:79: case  '#': c= font_idx + 48; break;
   0287                     551 00112$:
   0287 21r02r00            552 	ld	hl, #_font_idx
   028A 7E                  553 	ld	a, (hl)
   028B C6 30               554 	add	a, #0x30
   028D F8 00               555 	ldhl	sp,	#0
   028F 77                  556 	ld	(hl), a
   0290 C3r6Fr03            557 	jp	00136$
                            558 ;C:/GB/ZGB/common/src/Print.c:80: case  '@': c= font_idx + 49; break;
   0293                     559 00113$:
   0293 21r02r00            560 	ld	hl, #_font_idx
   0296 7E                  561 	ld	a, (hl)
   0297 C6 31               562 	add	a, #0x31
   0299 F8 00               563 	ldhl	sp,	#0
   029B 77                  564 	ld	(hl), a
   029C C3r6Fr03            565 	jp	00136$
                            566 ;C:/GB/ZGB/common/src/Print.c:81: case  '<': c= font_idx + 50; break;
   029F                     567 00114$:
   029F 21r02r00            568 	ld	hl, #_font_idx
   02A2 7E                  569 	ld	a, (hl)
   02A3 C6 32               570 	add	a, #0x32
   02A5 F8 00               571 	ldhl	sp,	#0
   02A7 77                  572 	ld	(hl), a
   02A8 C3r6Fr03            573 	jp	00136$
                            574 ;C:/GB/ZGB/common/src/Print.c:83: case  '%':
   02AB                     575 00115$:
                            576 ;C:/GB/ZGB/common/src/Print.c:84: switch(*(txt + 1)) {
   02AB 03                  577 	inc	bc
   02AC 0A                  578 	ld	a, (bc)
   02AD FE 64               579 	cp	a, #0x64
   02AF 28 11               580 	jr	Z,00117$
   02B1 FE 69               581 	cp	a, #0x69
   02B3 28 0D               582 	jr	Z,00117$
   02B5 FE 73               583 	cp	a, #0x73
   02B7 CAr48r03            584 	jp	Z,00119$
   02BA D6 75               585 	sub	a, #0x75
   02BC CAr05r03            586 	jp	Z,00118$
   02BF C3r6Fr03            587 	jp	00136$
                            588 ;C:/GB/ZGB/common/src/Print.c:86: case 'i':
   02C2                     589 00117$:
                            590 ;C:/GB/ZGB/common/src/Print.c:87: IntToString(va_arg(list, INT16), tmp);
   02C2 F8 0D               591 	ldhl	sp,	#13
   02C4 2A                  592 	ld	a, (hl+)
   02C5 5E                  593 	ld	e, (hl)
   02C6 F8 15               594 	ldhl	sp,	#21
   02C8 22                  595 	ld	(hl+), a
   02C9 73                  596 	ld	(hl), e
   02CA F8 0B               597 	ldhl	sp,#(12 - 1)
   02CC 4E                  598 	ld	c, (hl)
   02CD 23                  599 	inc	hl
   02CE 46                  600 	ld	b, (hl)
   02CF 03                  601 	inc	bc
   02D0 03                  602 	inc	bc
   02D1 2B                  603 	dec	hl
   02D2 71                  604 	ld	(hl), c
   02D3 23                  605 	inc	hl
   02D4 70                  606 	ld	(hl), b
   02D5 0B                  607 	dec	bc
   02D6 0B                  608 	dec	bc
   02D7 69                  609 	ld	l, c
   02D8 60                  610 	ld	h, b
   02D9 4E                  611 	ld	c, (hl)
   02DA 23                  612 	inc	hl
   02DB 46                  613 	ld	b, (hl)
   02DC F8 15               614 	ldhl	sp,	#21
   02DE 2A                  615 	ld	a, (hl+)
   02DF 66                  616 	ld	h, (hl)
   02E0 6F                  617 	ld	l, a
   02E1 E5                  618 	push	hl
   02E2 C5                  619 	push	bc
   02E3 CDr84r00            620 	call	_IntToString
   02E6 E8 04               621 	add	sp, #4
                            622 ;C:/GB/ZGB/common/src/Print.c:88: Printf(tmp);
   02E8 F8 0F               623 	ldhl	sp,#(16 - 1)
   02EA 4E                  624 	ld	c, (hl)
   02EB 23                  625 	inc	hl
   02EC 46                  626 	ld	b, (hl)
   02ED C5                  627 	push	bc
   02EE CDrD1r00            628 	call	_Printf
   02F1 E8 02               629 	add	sp, #2
                            630 ;C:/GB/ZGB/common/src/Print.c:89: txt += 2;
   02F3 F8 19               631 	ldhl	sp,#(26 - 1)
   02F5 5E                  632 	ld	e, (hl)
   02F6 23                  633 	inc	hl
   02F7 56                  634 	ld	d, (hl)
   02F8 21 02 00            635 	ld	hl, #0x0002
   02FB 19                  636 	add	hl, de
   02FC 7D                  637 	ld	a, l
   02FD 54                  638 	ld	d, h
   02FE F8 19               639 	ldhl	sp,	#25
   0300 22                  640 	ld	(hl+), a
   0301 72                  641 	ld	(hl), d
                            642 ;C:/GB/ZGB/common/src/Print.c:90: continue;
   0302 C3rFCr00            643 	jp	00140$
                            644 ;C:/GB/ZGB/common/src/Print.c:92: case 'u':
   0305                     645 00118$:
                            646 ;C:/GB/ZGB/common/src/Print.c:93: UIntToString(va_arg(list, UINT16), tmp);
   0305 F8 11               647 	ldhl	sp,	#17
   0307 2A                  648 	ld	a, (hl+)
   0308 5E                  649 	ld	e, (hl)
   0309 F8 15               650 	ldhl	sp,	#21
   030B 22                  651 	ld	(hl+), a
   030C 73                  652 	ld	(hl), e
   030D F8 0B               653 	ldhl	sp,#(12 - 1)
   030F 4E                  654 	ld	c, (hl)
   0310 23                  655 	inc	hl
   0311 46                  656 	ld	b, (hl)
   0312 03                  657 	inc	bc
   0313 03                  658 	inc	bc
   0314 2B                  659 	dec	hl
   0315 71                  660 	ld	(hl), c
   0316 23                  661 	inc	hl
   0317 70                  662 	ld	(hl), b
   0318 0B                  663 	dec	bc
   0319 0B                  664 	dec	bc
   031A 69                  665 	ld	l, c
   031B 60                  666 	ld	h, b
   031C 4E                  667 	ld	c, (hl)
   031D 23                  668 	inc	hl
   031E 46                  669 	ld	b, (hl)
   031F F8 15               670 	ldhl	sp,	#21
   0321 2A                  671 	ld	a, (hl+)
   0322 66                  672 	ld	h, (hl)
   0323 6F                  673 	ld	l, a
   0324 E5                  674 	push	hl
   0325 C5                  675 	push	bc
   0326 CDr00r00            676 	call	_UIntToString
   0329 E8 04               677 	add	sp, #4
                            678 ;C:/GB/ZGB/common/src/Print.c:94: Printf(tmp);
   032B F8 13               679 	ldhl	sp,#(20 - 1)
   032D 4E                  680 	ld	c, (hl)
   032E 23                  681 	inc	hl
   032F 46                  682 	ld	b, (hl)
   0330 C5                  683 	push	bc
   0331 CDrD1r00            684 	call	_Printf
   0334 E8 02               685 	add	sp, #2
                            686 ;C:/GB/ZGB/common/src/Print.c:95: txt += 2;
   0336 F8 19               687 	ldhl	sp,#(26 - 1)
   0338 5E                  688 	ld	e, (hl)
   0339 23                  689 	inc	hl
   033A 56                  690 	ld	d, (hl)
   033B 21 02 00            691 	ld	hl, #0x0002
   033E 19                  692 	add	hl, de
   033F 7D                  693 	ld	a, l
   0340 54                  694 	ld	d, h
   0341 F8 19               695 	ldhl	sp,	#25
   0343 22                  696 	ld	(hl+), a
   0344 72                  697 	ld	(hl), d
                            698 ;C:/GB/ZGB/common/src/Print.c:96: continue;
   0345 C3rFCr00            699 	jp	00140$
                            700 ;C:/GB/ZGB/common/src/Print.c:98: case 's':
   0348                     701 00119$:
                            702 ;C:/GB/ZGB/common/src/Print.c:99: Printf(va_arg(list, char*));
   0348 F8 0B               703 	ldhl	sp,#(12 - 1)
   034A 4E                  704 	ld	c, (hl)
   034B 23                  705 	inc	hl
   034C 46                  706 	ld	b, (hl)
   034D 03                  707 	inc	bc
   034E 03                  708 	inc	bc
   034F 2B                  709 	dec	hl
   0350 71                  710 	ld	(hl), c
   0351 23                  711 	inc	hl
   0352 70                  712 	ld	(hl), b
   0353 0B                  713 	dec	bc
   0354 0B                  714 	dec	bc
   0355 69                  715 	ld	l, c
   0356 60                  716 	ld	h, b
   0357 4E                  717 	ld	c, (hl)
   0358 23                  718 	inc	hl
   0359 46                  719 	ld	b, (hl)
   035A C5                  720 	push	bc
   035B CDrD1r00            721 	call	_Printf
   035E E8 02               722 	add	sp, #2
                            723 ;C:/GB/ZGB/common/src/Print.c:100: txt += 2;
   0360 F8 19               724 	ldhl	sp,#(26 - 1)
   0362 5E                  725 	ld	e, (hl)
   0363 23                  726 	inc	hl
   0364 56                  727 	ld	d, (hl)
   0365 21 02 00            728 	ld	hl, #0x0002
   0368 19                  729 	add	hl, de
   0369 7D                  730 	ld	a, l
   036A 54                  731 	ld	d, h
   036B F8 19               732 	ldhl	sp,	#25
   036D 22                  733 	ld	(hl+), a
   036E 72                  734 	ld	(hl), d
                            735 ;C:/GB/ZGB/common/src/Print.c:104: }
   036F                     736 00136$:
                            737 ;C:/GB/ZGB/common/src/Print.c:106: if(print_target == PRINT_BKG)
   036F 21r03r00            738 	ld	hl, #_print_target
   0372 7E                  739 	ld	a, (hl)
   0373 B7                  740 	or	a, a
   0374 20 2F               741 	jr	NZ,00138$
                            742 ;C:/GB/ZGB/common/src/Print.c:107: set_bkg_tiles(0x1F & (print_x + scroll_offset_x), 0x1F & (print_y + scroll_offset_y), 1, 1, &c);
   0376 F8 00               743 	ldhl	sp,	#0
   0378 4D                  744 	ld	c, l
   0379 44                  745 	ld	b, h
   037A 21r01r00            746 	ld	hl, #_print_y
   037D 7E                  747 	ld	a, (hl)
   037E 21r00r00            748 	ld	hl, #_scroll_offset_y
   0381 86                  749 	add	a, (hl)
   0382 E6 1F               750 	and	a, #0x1f
   0384 5F                  751 	ld	e, a
   0385 21r00r00            752 	ld	hl, #_print_x
   0388 7E                  753 	ld	a, (hl)
   0389 21r00r00            754 	ld	hl, #_scroll_offset_x
   038C 86                  755 	add	a, (hl)
   038D E6 1F               756 	and	a, #0x1f
   038F 57                  757 	ld	d, a
   0390 C5                  758 	push	bc
   0391 3E 01               759 	ld	a, #0x01
   0393 F5                  760 	push	af
   0394 33                  761 	inc	sp
   0395 3E 01               762 	ld	a, #0x01
   0397 F5                  763 	push	af
   0398 33                  764 	inc	sp
   0399 7B                  765 	ld	a, e
   039A F5                  766 	push	af
   039B 33                  767 	inc	sp
   039C D5                  768 	push	de
   039D 33                  769 	inc	sp
   039E CDr00r00            770 	call	_set_bkg_tiles
   03A1 E8 06               771 	add	sp, #6
   03A3 18 1E               772 	jr	00139$
   03A5                     773 00138$:
                            774 ;C:/GB/ZGB/common/src/Print.c:109: set_win_tiles(print_x, print_y, 1, 1, &c);
   03A5 F8 00               775 	ldhl	sp,	#0
   03A7 4D                  776 	ld	c, l
   03A8 44                  777 	ld	b, h
   03A9 C5                  778 	push	bc
   03AA 3E 01               779 	ld	a, #0x01
   03AC F5                  780 	push	af
   03AD 33                  781 	inc	sp
   03AE 3E 01               782 	ld	a, #0x01
   03B0 F5                  783 	push	af
   03B1 33                  784 	inc	sp
   03B2 21r01r00            785 	ld	hl, #_print_y
   03B5 7E                  786 	ld	a, (hl)
   03B6 F5                  787 	push	af
   03B7 33                  788 	inc	sp
   03B8 21r00r00            789 	ld	hl, #_print_x
   03BB 7E                  790 	ld	a, (hl)
   03BC F5                  791 	push	af
   03BD 33                  792 	inc	sp
   03BE CDr00r00            793 	call	_set_win_tiles
   03C1 E8 06               794 	add	sp, #6
   03C3                     795 00139$:
                            796 ;C:/GB/ZGB/common/src/Print.c:111: print_x ++;
   03C3 21r00r00            797 	ld	hl, #_print_x
   03C6 34                  798 	inc	(hl)
                            799 ;C:/GB/ZGB/common/src/Print.c:112: txt ++;
   03C7 F8 19               800 	ldhl	sp,	#25
   03C9 34                  801 	inc	(hl)
   03CA C2rFCr00            802 	jp	NZ,00140$
   03CD 23                  803 	inc	hl
   03CE 34                  804 	inc	(hl)
   03CF C3rFCr00            805 	jp	00140$
   03D2                     806 00143$:
                            807 ;C:/GB/ZGB/common/src/Print.c:115: }
   03D2 E8 17               808 	add	sp, #23
   03D4 C9                  809 	ret
                            810 	.area _CODE
                            811 	.area _CABS (ABS)
