                              1 ;--------------------------------------------------------
                              2 ; File Created by SDCC : free open source ANSI-C Compiler
                              3 ; Version 4.0.0 #11528 (MINGW32)
                              4 ;--------------------------------------------------------
                              5 	.module SpriteItem
                              6 	.optsdcc -mgbz80
                              7 	
                              8 ;--------------------------------------------------------
                              9 ; Public variables in this module
                             10 ;--------------------------------------------------------
                             11 	.globl _Destroy_SpriteItem
                             12 	.globl _Update_SpriteItem
                             13 	.globl _Start_SpriteItem
                             14 	.globl _CheckCollision
                             15 	.globl _TranslateSprite
                             16 	.globl _SetSpriteAnim
                             17 	.globl _empty
                             18 	.globl _bank_SpriteItem
                             19 	.globl _attack_wait
                             20 	.globl _damage_cooldown
                             21 	.globl _item_dcoin
                             22 	.globl _item_wrench
                             23 	.globl _item_scrignoaperto
                             24 	.globl _item_scrigno
                             25 	.globl _item_up
                             26 	.globl _item_hp
                             27 	.globl _item_coin
                             28 	.globl _item_hidden
                             29 ;--------------------------------------------------------
                             30 ; special function registers
                             31 ;--------------------------------------------------------
                             32 ;--------------------------------------------------------
                             33 ; ram data
                             34 ;--------------------------------------------------------
                             35 	.area _DATA
   0000                      36 _damage_cooldown::
   0000                      37 	.ds 1
   0001                      38 _attack_wait::
   0001                      39 	.ds 1
                             40 ;--------------------------------------------------------
                             41 ; CODE rom data
                             42 ;--------------------------------------------------------
                             43 	.area _CODE
   0000                      44 _bank_SpriteItem:
   0000 02                   45 	.db #0x02	; 2
                             46 ;--------------------------------------------------------
                             47 ; absolute external ram data
                             48 ;--------------------------------------------------------
                             49 	.area _DABS (ABS)
                             50 ;--------------------------------------------------------
                             51 ; global & static initialisations
                             52 ;--------------------------------------------------------
                             53 	.area _HOME
                             54 	.area _GSINIT
                             55 	.area _GSFINAL
                             56 	.area _GSINIT
                             57 ;custom_datas.h:44: UINT8 damage_cooldown = 30u;
   0000 21r00r00             58 	ld	hl, #_damage_cooldown
   0003 36 1E                59 	ld	(hl), #0x1e
                             60 ;custom_datas.h:45: UINT8 attack_wait = 32u;
   0005 21r01r00             61 	ld	hl, #_attack_wait
   0008 36 20                62 	ld	(hl), #0x20
                             63 ;--------------------------------------------------------
                             64 ; Home
                             65 ;--------------------------------------------------------
                             66 	.area _HOME
                             67 ;C:/GB/ZGB/common/include/Banks/SetBankCommon.h:4: void empty(void) __nonbanked {}
                             68 ;	---------------------------------
                             69 ; Function empty
                             70 ; ---------------------------------
   0000                      71 _empty::
   0000 C9                   72 	ret
                             73 	.area _HOME
                             74 ;--------------------------------------------------------
                             75 ; code
                             76 ;--------------------------------------------------------
                             77 	.area _CODE_2
                             78 ;SpriteItem.c:19: void Start_SpriteItem() {
                             79 ;	---------------------------------
                             80 ; Function Start_SpriteItem
                             81 ; ---------------------------------
   0000                      82 _Start_SpriteItem::
   0000 E8 FE                83 	add	sp, #-2
                             84 ;SpriteItem.c:21: SetSpriteAnim(THIS, item_hidden, 8u);
   0002 3E 08                85 	ld	a, #0x08
   0004 F5                   86 	push	af
   0005 33                   87 	inc	sp
   0006 21rB1r00             88 	ld	hl, #_item_hidden
   0009 E5                   89 	push	hl
   000A 21r00r00             90 	ld	hl, #_THIS
   000D 2A                   91 	ld	a, (hl+)
   000E 66                   92 	ld	h, (hl)
   000F 6F                   93 	ld	l, a
   0010 E5                   94 	push	hl
   0011 CDr00r00             95 	call	_SetSpriteAnim
   0014 E8 05                96 	add	sp, #5
                             97 ;SpriteItem.c:23: struct ItemInfo* data = (struct ItemInfo*)THIS->custom_data;
   0016 21r01r00             98 	ld	hl, #_THIS + 1
   0019 2B                   99 	dec	hl
   001A 4E                  100 	ld	c, (hl)
   001B 23                  101 	inc	hl
   001C 46                  102 	ld	b, (hl)
   001D 21 19 00            103 	ld	hl, #0x0019
   0020 09                  104 	add	hl, bc
   0021 4D                  105 	ld	c, l
   0022 7C                  106 	ld	a, h
   0023 47                  107 	ld	b, a
                            108 ;SpriteItem.c:24: data->collided = 0;
   0024 AF                  109 	xor	a, a
   0025 02                  110 	ld	(bc), a
                            111 ;SpriteItem.c:25: data->setup = 1u;
   0026 21 04 00            112 	ld	hl, #0x0004
   0029 09                  113 	add	hl, bc
   002A 33                  114 	inc	sp
   002B 33                  115 	inc	sp
   002C E5                  116 	push	hl
   002D E1                  117 	pop	hl
   002E E5                  118 	push	hl
   002F 36 01               119 	ld	(hl), #0x01
                            120 ;SpriteItem.c:26: data->counter = -1;
   0031 21 06 00            121 	ld	hl, #0x0006
   0034 09                  122 	add	hl, bc
   0035 33                  123 	inc	sp
   0036 33                  124 	inc	sp
   0037 E5                  125 	push	hl
   0038 E1                  126 	pop	hl
   0039 E5                  127 	push	hl
   003A 36 FF               128 	ld	(hl), #0xff
                            129 ;SpriteItem.c:27: data->item_accel_y = 0;
   003C 21 02 00            130 	ld	hl, #0x0002
   003F 09                  131 	add	hl, bc
   0040 33                  132 	inc	sp
   0041 33                  133 	inc	sp
   0042 E5                  134 	push	hl
   0043 E1                  135 	pop	hl
   0044 E5                  136 	push	hl
   0045 36 00               137 	ld	(hl), #0x00
                            138 ;SpriteItem.c:28: data->type = 0;
   0047 03                  139 	inc	bc
   0048 AF                  140 	xor	a, a
   0049 02                  141 	ld	(bc), a
                            142 ;SpriteItem.c:29: THIS->coll_x = 0;
   004A 21r01r00            143 	ld	hl, #_THIS + 1
   004D 2B                  144 	dec	hl
   004E 4E                  145 	ld	c, (hl)
   004F 23                  146 	inc	hl
   0050 46                  147 	ld	b, (hl)
   0051 21 0D 00            148 	ld	hl, #0x000d
   0054 09                  149 	add	hl, bc
   0055 4D                  150 	ld	c, l
   0056 44                  151 	ld	b, h
   0057 AF                  152 	xor	a, a
   0058 02                  153 	ld	(bc), a
                            154 ;SpriteItem.c:30: THIS->coll_y = 0;
   0059 21r01r00            155 	ld	hl, #_THIS + 1
   005C 2B                  156 	dec	hl
   005D 4E                  157 	ld	c, (hl)
   005E 23                  158 	inc	hl
   005F 46                  159 	ld	b, (hl)
   0060 21 0E 00            160 	ld	hl, #0x000e
   0063 09                  161 	add	hl, bc
   0064 4D                  162 	ld	c, l
   0065 44                  163 	ld	b, h
   0066 AF                  164 	xor	a, a
   0067 02                  165 	ld	(bc), a
                            166 ;SpriteItem.c:31: THIS->coll_w = 8;
   0068 21r01r00            167 	ld	hl, #_THIS + 1
   006B 2B                  168 	dec	hl
   006C 4E                  169 	ld	c, (hl)
   006D 23                  170 	inc	hl
   006E 46                  171 	ld	b, (hl)
   006F 21 0F 00            172 	ld	hl, #0x000f
   0072 09                  173 	add	hl, bc
   0073 4D                  174 	ld	c,l
   0074 7C                  175 	ld	a,h
   0075 36 08               176 	ld	(hl), #0x08
                            177 ;SpriteItem.c:32: THIS->coll_h = 8;
   0077 21r01r00            178 	ld	hl, #_THIS + 1
   007A 2B                  179 	dec	hl
   007B 4E                  180 	ld	c, (hl)
   007C 23                  181 	inc	hl
   007D 46                  182 	ld	b, (hl)
   007E 21 10 00            183 	ld	hl, #0x0010
   0081 09                  184 	add	hl, bc
   0082 4D                  185 	ld	c,l
   0083 7C                  186 	ld	a,h
   0084 36 08               187 	ld	(hl), #0x08
                            188 ;SpriteItem.c:33: THIS->lim_x = 255;
   0086 21r00r00            189 	ld	hl, #_THIS
   0089 46                  190 	ld	b, (hl)
   008A 23                  191 	inc	hl
   008B 4E                  192 	ld	c, (hl)
   008C 78                  193 	ld	a, b
   008D C6 13               194 	add	a, #0x13
   008F 47                  195 	ld	b, a
   0090 30 01               196 	jr	NC,00103$
   0092 0C                  197 	inc	c
   0093                     198 00103$:
   0093 68                  199 	ld	l, b
   0094 61                  200 	ld	h, c
   0095 36 FF               201 	ld	(hl), #0xff
   0097 23                  202 	inc	hl
   0098 36 00               203 	ld	(hl), #0x00
                            204 ;SpriteItem.c:34: THIS->lim_y = 255;
   009A 21r00r00            205 	ld	hl, #_THIS
   009D 46                  206 	ld	b, (hl)
   009E 23                  207 	inc	hl
   009F 4E                  208 	ld	c, (hl)
   00A0 78                  209 	ld	a, b
   00A1 C6 15               210 	add	a, #0x15
   00A3 47                  211 	ld	b, a
   00A4 30 01               212 	jr	NC,00104$
   00A6 0C                  213 	inc	c
   00A7                     214 00104$:
   00A7 68                  215 	ld	l, b
   00A8 61                  216 	ld	h, c
   00A9 36 FF               217 	ld	(hl), #0xff
   00AB 23                  218 	inc	hl
   00AC 36 00               219 	ld	(hl), #0x00
                            220 ;SpriteItem.c:35: }
   00AE E8 02               221 	add	sp, #2
   00B0 C9                  222 	ret
   00B1                     223 _item_hidden:
   00B1 01                  224 	.db #0x01	; 1
   00B2 00                  225 	.db #0x00	; 0
   00B3                     226 _item_coin:
   00B3 01                  227 	.db #0x01	; 1
   00B4 01                  228 	.db #0x01	; 1
   00B5                     229 _item_hp:
   00B5 01                  230 	.db #0x01	; 1
   00B6 03                  231 	.db #0x03	; 3
   00B7                     232 _item_up:
   00B7 01                  233 	.db #0x01	; 1
   00B8 02                  234 	.db #0x02	; 2
   00B9                     235 _item_scrigno:
   00B9 01                  236 	.db #0x01	; 1
   00BA 04                  237 	.db #0x04	; 4
   00BB                     238 _item_scrignoaperto:
   00BB 01                  239 	.db #0x01	; 1
   00BC 05                  240 	.db #0x05	; 5
   00BD                     241 _item_wrench:
   00BD 01                  242 	.db #0x01	; 1
   00BE 06                  243 	.db #0x06	; 6
   00BF                     244 _item_dcoin:
   00BF 01                  245 	.db #0x01	; 1
   00C0 07                  246 	.db #0x07	; 7
                            247 ;SpriteItem.c:37: void Update_SpriteItem() {
                            248 ;	---------------------------------
                            249 ; Function Update_SpriteItem
                            250 ; ---------------------------------
   00C1                     251 _Update_SpriteItem::
   00C1 E8 F1               252 	add	sp, #-15
                            253 ;SpriteItem.c:39: struct ItemInfo* data = (struct ItemInfo*)THIS->custom_data;
   00C3 21r00r00            254 	ld	hl, #_THIS
   00C6 46                  255 	ld	b, (hl)
   00C7 23                  256 	inc	hl
   00C8 4E                  257 	ld	c, (hl)
   00C9 78                  258 	ld	a, b
   00CA C6 19               259 	add	a, #0x19
   00CC 47                  260 	ld	b, a
   00CD 30 01               261 	jr	NC,00273$
   00CF 0C                  262 	inc	c
   00D0                     263 00273$:
   00D0 F8 00               264 	ldhl	sp,	#0
   00D2 70                  265 	ld	(hl), b
   00D3 23                  266 	inc	hl
   00D4 71                  267 	ld	(hl), c
                            268 ;SpriteItem.c:40: if (data->type == 10){ //gestione scrigno dedicata
   00D5 D1                  269 	pop	de
   00D6 D5                  270 	push	de
   00D7 21 01 00            271 	ld	hl, #0x0001
   00DA 19                  272 	add	hl, de
   00DB 7D                  273 	ld	a, l
   00DC 54                  274 	ld	d, h
   00DD F8 02               275 	ldhl	sp,	#2
   00DF 22                  276 	ld	(hl+), a
   00E0 72                  277 	ld	(hl), d
   00E1 2B                  278 	dec	hl
   00E2 5E                  279 	ld	e, (hl)
   00E3 23                  280 	inc	hl
   00E4 56                  281 	ld	d, (hl)
   00E5 1A                  282 	ld	a,(de)
   00E6 4F                  283 	ld	c, a
                            284 ;SpriteItem.c:41: if (data->setup){
   00E7 D1                  285 	pop	de
   00E8 D5                  286 	push	de
   00E9 21 04 00            287 	ld	hl, #0x0004
   00EC 19                  288 	add	hl, de
   00ED 7D                  289 	ld	a, l
   00EE 54                  290 	ld	d, h
   00EF F8 04               291 	ldhl	sp,	#4
   00F1 22                  292 	ld	(hl+), a
   00F2 72                  293 	ld	(hl), d
                            294 ;SpriteItem.c:44: data->item_accel_y = 24;
   00F3 D1                  295 	pop	de
   00F4 D5                  296 	push	de
   00F5 21 02 00            297 	ld	hl, #0x0002
   00F8 19                  298 	add	hl, de
   00F9 7D                  299 	ld	a, l
   00FA 54                  300 	ld	d, h
   00FB F8 06               301 	ldhl	sp,	#6
   00FD 22                  302 	ld	(hl+), a
   00FE 72                  303 	ld	(hl), d
                            304 ;SpriteItem.c:49: if(!data->tile_i_collision && delta_time != 0 && data->item_accel_y < 36) { //Do another iteration if there is no collision
   00FF D1                  305 	pop	de
   0100 D5                  306 	push	de
   0101 21 03 00            307 	ld	hl, #0x0003
   0104 19                  308 	add	hl, de
   0105 7D                  309 	ld	a, l
   0106 54                  310 	ld	d, h
   0107 F8 0D               311 	ldhl	sp,	#13
   0109 22                  312 	ld	(hl+), a
   010A 72                  313 	ld	(hl), d
                            314 ;SpriteItem.c:51: data->tile_i_collision = TranslateSprite(THIS, data->vx, data->item_accel_y >> 4);
   010B D1                  315 	pop	de
   010C D5                  316 	push	de
   010D 21 07 00            317 	ld	hl, #0x0007
   0110 19                  318 	add	hl, de
   0111 7D                  319 	ld	a, l
   0112 54                  320 	ld	d, h
   0113 F8 08               321 	ldhl	sp,	#8
   0115 22                  322 	ld	(hl+), a
   0116 72                  323 	ld	(hl), d
                            324 ;SpriteItem.c:57: if (data->counter == -1 & data->collided & data->type != data->content_type){
   0117 D1                  325 	pop	de
   0118 D5                  326 	push	de
   0119 21 06 00            327 	ld	hl, #0x0006
   011C 19                  328 	add	hl, de
   011D 7D                  329 	ld	a, l
   011E 54                  330 	ld	d, h
   011F F8 0A               331 	ldhl	sp,	#10
   0121 22                  332 	ld	(hl+), a
   0122 72                  333 	ld	(hl), d
                            334 ;SpriteItem.c:40: if (data->type == 10){ //gestione scrigno dedicata
   0123 79                  335 	ld	a, c
   0124 D6 0A               336 	sub	a, #0x0a
   0126 C2rB7r02            337 	jp	NZ,00135$
                            338 ;SpriteItem.c:41: if (data->setup){
   0129 F8 04               339 	ldhl	sp,#(5 - 1)
   012B 5E                  340 	ld	e, (hl)
   012C 23                  341 	inc	hl
   012D 56                  342 	ld	d, (hl)
   012E 1A                  343 	ld	a,(de)
   012F B7                  344 	or	a, a
   0130 28 25               345 	jr	Z,00116$
                            346 ;SpriteItem.c:42: SetSpriteAnim(THIS, item_scrigno, 8u);
   0132 3E 08               347 	ld	a, #0x08
   0134 F5                  348 	push	af
   0135 33                  349 	inc	sp
   0136 21rB9r00            350 	ld	hl, #_item_scrigno
   0139 E5                  351 	push	hl
   013A 21r00r00            352 	ld	hl, #_THIS
   013D 2A                  353 	ld	a, (hl+)
   013E 66                  354 	ld	h, (hl)
   013F 6F                  355 	ld	l, a
   0140 E5                  356 	push	hl
   0141 CDr00r00            357 	call	_SetSpriteAnim
   0144 E8 05               358 	add	sp, #5
                            359 ;SpriteItem.c:43: data->setup = 0;
   0146 F8 04               360 	ldhl	sp,	#4
   0148 2A                  361 	ld	a, (hl+)
   0149 66                  362 	ld	h, (hl)
   014A 6F                  363 	ld	l, a
   014B 36 00               364 	ld	(hl), #0x00
                            365 ;SpriteItem.c:44: data->item_accel_y = 24;
   014D F8 06               366 	ldhl	sp,	#6
   014F 2A                  367 	ld	a, (hl+)
   0150 66                  368 	ld	h, (hl)
   0151 6F                  369 	ld	l, a
   0152 36 18               370 	ld	(hl), #0x18
   0154 C3r07r04            371 	jp	00136$
   0157                     372 00116$:
                            373 ;SpriteItem.c:46: if(data->item_accel_y < 24) {
   0157 F8 06               374 	ldhl	sp,#(7 - 1)
   0159 5E                  375 	ld	e, (hl)
   015A 23                  376 	inc	hl
   015B 56                  377 	ld	d, (hl)
   015C 1A                  378 	ld	a,(de)
   015D 4F                  379 	ld	c,a
   015E EE 80               380 	xor	a, #0x80
   0160 D6 98               381 	sub	a, #0x98
   0162 30 06               382 	jr	NC,00102$
                            383 ;SpriteItem.c:47: data->item_accel_y += 1;
   0164 0C                  384 	inc	c
   0165 2B                  385 	dec	hl
   0166 2A                  386 	ld	a, (hl+)
   0167 66                  387 	ld	h, (hl)
   0168 6F                  388 	ld	l, a
   0169 71                  389 	ld	(hl), c
   016A                     390 00102$:
                            391 ;SpriteItem.c:49: if(!data->tile_i_collision && delta_time != 0 && data->item_accel_y < 36) { //Do another iteration if there is no collision
   016A F8 0D               392 	ldhl	sp,#(14 - 1)
   016C 5E                  393 	ld	e, (hl)
   016D 23                  394 	inc	hl
   016E 56                  395 	ld	d, (hl)
   016F 1A                  396 	ld	a,(de)
   0170 B7                  397 	or	a, a
   0171 C2rB6r01            398 	jp	NZ, 00104$
   0174 21r00r00            399 	ld	hl, #_delta_time
   0177 7E                  400 	ld	a, (hl)
   0178 B7                  401 	or	a, a
   0179 CArB6r01            402 	jp	Z, 00104$
   017C F8 06               403 	ldhl	sp,#(7 - 1)
   017E 5E                  404 	ld	e, (hl)
   017F 23                  405 	inc	hl
   0180 56                  406 	ld	d, (hl)
   0181 1A                  407 	ld	a,(de)
   0182 47                  408 	ld	b,a
   0183 EE 80               409 	xor	a, #0x80
   0185 D6 A4               410 	sub	a, #0xa4
   0187 D2rB6r01            411 	jp	NC, 00104$
                            412 ;SpriteItem.c:50: data->item_accel_y += 2;
   018A 04                  413 	inc	b
   018B 04                  414 	inc	b
   018C 2B                  415 	dec	hl
   018D 2A                  416 	ld	a, (hl+)
   018E 66                  417 	ld	h, (hl)
   018F 6F                  418 	ld	l, a
   0190 70                  419 	ld	(hl), b
                            420 ;SpriteItem.c:51: data->tile_i_collision = TranslateSprite(THIS, data->vx, data->item_accel_y >> 4);
   0191 CB 28               421 	sra	b
   0193 CB 28               422 	sra	b
   0195 CB 28               423 	sra	b
   0197 CB 28               424 	sra	b
   0199 F8 08               425 	ldhl	sp,#(9 - 1)
   019B 5E                  426 	ld	e, (hl)
   019C 23                  427 	inc	hl
   019D 56                  428 	ld	d, (hl)
   019E 1A                  429 	ld	a,(de)
   019F C5                  430 	push	bc
   01A0 33                  431 	inc	sp
   01A1 F5                  432 	push	af
   01A2 33                  433 	inc	sp
   01A3 21r00r00            434 	ld	hl, #_THIS
   01A6 2A                  435 	ld	a, (hl+)
   01A7 66                  436 	ld	h, (hl)
   01A8 6F                  437 	ld	l, a
   01A9 E5                  438 	push	hl
   01AA CDr00r00            439 	call	_TranslateSprite
   01AD E8 04               440 	add	sp, #4
   01AF 4B                  441 	ld	c, e
   01B0 F8 0D               442 	ldhl	sp,	#13
   01B2 2A                  443 	ld	a, (hl+)
   01B3 66                  444 	ld	h, (hl)
   01B4 6F                  445 	ld	l, a
   01B5 71                  446 	ld	(hl), c
   01B6                     447 00104$:
                            448 ;SpriteItem.c:53: data->tile_i_collision = TranslateSprite(THIS, data->vx, data->item_accel_y >> 4);
   01B6 F8 06               449 	ldhl	sp,#(7 - 1)
   01B8 5E                  450 	ld	e, (hl)
   01B9 23                  451 	inc	hl
   01BA 56                  452 	ld	d, (hl)
   01BB 1A                  453 	ld	a,(de)
   01BC 47                  454 	ld	b, a
   01BD CB 28               455 	sra	b
   01BF CB 28               456 	sra	b
   01C1 CB 28               457 	sra	b
   01C3 CB 28               458 	sra	b
   01C5 23                  459 	inc	hl
   01C6 5E                  460 	ld	e, (hl)
   01C7 23                  461 	inc	hl
   01C8 56                  462 	ld	d, (hl)
   01C9 1A                  463 	ld	a,(de)
   01CA C5                  464 	push	bc
   01CB 33                  465 	inc	sp
   01CC F5                  466 	push	af
   01CD 33                  467 	inc	sp
   01CE 21r00r00            468 	ld	hl, #_THIS
   01D1 2A                  469 	ld	a, (hl+)
   01D2 66                  470 	ld	h, (hl)
   01D3 6F                  471 	ld	l, a
   01D4 E5                  472 	push	hl
   01D5 CDr00r00            473 	call	_TranslateSprite
   01D8 E8 04               474 	add	sp, #4
   01DA 7B                  475 	ld	a, e
   01DB F8 0D               476 	ldhl	sp,	#13
   01DD F5                  477 	push	af
   01DE 2A                  478 	ld	a, (hl+)
   01DF 66                  479 	ld	h, (hl)
   01E0 6F                  480 	ld	l, a
   01E1 F1                  481 	pop	af
   01E2 77                  482 	ld	(hl), a
                            483 ;SpriteItem.c:54: if(data->tile_i_collision) {
   01E3 B7                  484 	or	a, a
   01E4 28 07               485 	jr	Z,00108$
                            486 ;SpriteItem.c:55: data->item_accel_y = 0;	
   01E6 F8 06               487 	ldhl	sp,	#6
   01E8 2A                  488 	ld	a, (hl+)
   01E9 66                  489 	ld	h, (hl)
   01EA 6F                  490 	ld	l, a
   01EB 36 00               491 	ld	(hl), #0x00
   01ED                     492 00108$:
                            493 ;SpriteItem.c:57: if (data->counter == -1 & data->collided & data->type != data->content_type){
   01ED F8 0A               494 	ldhl	sp,#(11 - 1)
   01EF 5E                  495 	ld	e, (hl)
   01F0 23                  496 	inc	hl
   01F1 56                  497 	ld	d, (hl)
   01F2 1A                  498 	ld	a,(de)
   01F3 3C                  499 	inc	a
   01F4 3E 01               500 	ld	a, #0x01
   01F6 28 01               501 	jr	Z,00277$
   01F8 AF                  502 	xor	a, a
   01F9                     503 00277$:
   01F9 4F                  504 	ld	c, a
   01FA D1                  505 	pop	de
   01FB D5                  506 	push	de
   01FC 1A                  507 	ld	a,(de)
   01FD A1                  508 	and	a, c
   01FE 4F                  509 	ld	c, a
   01FF F8 02               510 	ldhl	sp,#(3 - 1)
   0201 5E                  511 	ld	e, (hl)
   0202 23                  512 	inc	hl
   0203 56                  513 	ld	d, (hl)
   0204 1A                  514 	ld	a,(de)
   0205 47                  515 	ld	b, a
   0206 D1                  516 	pop	de
   0207 D5                  517 	push	de
   0208 21 05 00            518 	ld	hl, #0x0005
   020B 19                  519 	add	hl, de
   020C 7D                  520 	ld	a, l
   020D 54                  521 	ld	d, h
   020E F8 0C               522 	ldhl	sp,	#12
   0210 22                  523 	ld	(hl+), a
   0211 72                  524 	ld	(hl), d
   0212 2B                  525 	dec	hl
   0213 5E                  526 	ld	e, (hl)
   0214 23                  527 	inc	hl
   0215 56                  528 	ld	d, (hl)
   0216 1A                  529 	ld	a,(de)
   0217 23                  530 	inc	hl
   0218 77                  531 	ld	(hl), a
   0219 78                  532 	ld	a, b
   021A 96                  533 	sub	a, (hl)
   021B 3E 01               534 	ld	a, #0x01
   021D 28 01               535 	jr	Z,00279$
   021F AF                  536 	xor	a, a
   0220                     537 00279$:
   0220 EE 01               538 	xor	a, #0x01
   0222 A1                  539 	and	a,c
   0223 28 1B               540 	jr	Z,00110$
                            541 ;SpriteItem.c:58: SetSpriteAnim(THIS, item_scrignoaperto, 8u);
   0225 3E 08               542 	ld	a, #0x08
   0227 F5                  543 	push	af
   0228 33                  544 	inc	sp
   0229 21rBBr00            545 	ld	hl, #_item_scrignoaperto
   022C E5                  546 	push	hl
   022D 21r00r00            547 	ld	hl, #_THIS
   0230 2A                  548 	ld	a, (hl+)
   0231 66                  549 	ld	h, (hl)
   0232 6F                  550 	ld	l, a
   0233 E5                  551 	push	hl
   0234 CDr00r00            552 	call	_SetSpriteAnim
   0237 E8 05               553 	add	sp, #5
                            554 ;SpriteItem.c:59: data->counter = 24;
   0239 F8 0A               555 	ldhl	sp,	#10
   023B 2A                  556 	ld	a, (hl+)
   023C 66                  557 	ld	h, (hl)
   023D 6F                  558 	ld	l, a
   023E 36 18               559 	ld	(hl), #0x18
   0240                     560 00110$:
                            561 ;SpriteItem.c:57: if (data->counter == -1 & data->collided & data->type != data->content_type){
   0240 F8 0A               562 	ldhl	sp,#(11 - 1)
   0242 5E                  563 	ld	e, (hl)
   0243 23                  564 	inc	hl
   0244 56                  565 	ld	d, (hl)
   0245 1A                  566 	ld	a,(de)
                            567 ;SpriteItem.c:61: if(data->counter > 0){
   0246 4F                  568 	ld	c,a
   0247 5F                  569 	ld	e, a
   0248 3E 00               570 	ld	a, #0x00
   024A 57                  571 	ld	d, a
   024B AF                  572 	xor	a, a
   024C 91                  573 	sub	a, c
   024D CB 7B               574 	bit	7, e
   024F 28 07               575 	jr	Z,00280$
   0251 CB 7A               576 	bit	7, d
   0253 20 08               577 	jr	NZ,00281$
   0255 BF                  578 	cp	a, a
   0256 18 05               579 	jr	00281$
   0258                     580 00280$:
   0258 CB 7A               581 	bit	7, d
   025A 28 01               582 	jr	Z,00281$
   025C 37                  583 	scf
   025D                     584 00281$:
   025D 30 07               585 	jr	NC,00112$
                            586 ;SpriteItem.c:62: data->counter -= 1;
   025F 0D                  587 	dec	c
   0260 F8 0A               588 	ldhl	sp,	#10
   0262 2A                  589 	ld	a, (hl+)
   0263 66                  590 	ld	h, (hl)
   0264 6F                  591 	ld	l, a
   0265 71                  592 	ld	(hl), c
   0266                     593 00112$:
                            594 ;SpriteItem.c:64: if (data->counter == 0){
   0266 F8 0A               595 	ldhl	sp,#(11 - 1)
   0268 5E                  596 	ld	e, (hl)
   0269 23                  597 	inc	hl
   026A 56                  598 	ld	d, (hl)
   026B 1A                  599 	ld	a,(de)
   026C B7                  600 	or	a, a
   026D C2r07r04            601 	jp	NZ, 00136$
                            602 ;SpriteItem.c:39: struct ItemInfo* data = (struct ItemInfo*)THIS->custom_data;
   0270 21r01r00            603 	ld	hl, #_THIS + 1
   0273 2B                  604 	dec	hl
   0274 4E                  605 	ld	c, (hl)
   0275 23                  606 	inc	hl
   0276 46                  607 	ld	b, (hl)
                            608 ;SpriteItem.c:65: THIS->y -= 20;
   0277 21 0A 00            609 	ld	hl, #0x000a
   027A 09                  610 	add	hl, bc
   027B 7D                  611 	ld	a, l
   027C 54                  612 	ld	d, h
   027D F8 0A               613 	ldhl	sp,	#10
   027F 22                  614 	ld	(hl+), a
   0280 72                  615 	ld	(hl), d
   0281 2B                  616 	dec	hl
   0282 5E                  617 	ld	e, (hl)
   0283 23                  618 	inc	hl
   0284 56                  619 	ld	d, (hl)
   0285 1A                  620 	ld	a,(de)
   0286 4F                  621 	ld	c, a
   0287 13                  622 	inc	de
   0288 1A                  623 	ld	a,(de)
   0289 47                  624 	ld	b, a
   028A 79                  625 	ld	a, c
   028B C6 EC               626 	add	a, #0xec
   028D 4F                  627 	ld	c, a
   028E 78                  628 	ld	a, b
   028F CE FF               629 	adc	a, #0xff
   0291 47                  630 	ld	b, a
   0292 2B                  631 	dec	hl
   0293 2A                  632 	ld	a, (hl+)
   0294 66                  633 	ld	h, (hl)
   0295 6F                  634 	ld	l, a
   0296 71                  635 	ld	(hl), c
   0297 23                  636 	inc	hl
   0298 70                  637 	ld	(hl), b
                            638 ;SpriteItem.c:66: data->type = data->content_type;
   0299 F8 0C               639 	ldhl	sp,#(13 - 1)
   029B 5E                  640 	ld	e, (hl)
   029C 23                  641 	inc	hl
   029D 56                  642 	ld	d, (hl)
   029E 1A                  643 	ld	a,(de)
   029F 4F                  644 	ld	c, a
   02A0 F8 02               645 	ldhl	sp,	#2
   02A2 2A                  646 	ld	a, (hl+)
   02A3 66                  647 	ld	h, (hl)
   02A4 6F                  648 	ld	l, a
   02A5 71                  649 	ld	(hl), c
                            650 ;SpriteItem.c:67: data->setup = 1u;
   02A6 F8 04               651 	ldhl	sp,	#4
   02A8 2A                  652 	ld	a, (hl+)
   02A9 66                  653 	ld	h, (hl)
   02AA 6F                  654 	ld	l, a
   02AB 36 01               655 	ld	(hl), #0x01
                            656 ;SpriteItem.c:68: data->item_accel_y = 24;
   02AD F8 06               657 	ldhl	sp,	#6
   02AF 2A                  658 	ld	a, (hl+)
   02B0 66                  659 	ld	h, (hl)
   02B1 6F                  660 	ld	l, a
   02B2 36 18               661 	ld	(hl), #0x18
                            662 ;SpriteItem.c:69: return;
   02B4 C3rCBr04            663 	jp	00145$
   02B7                     664 00135$:
                            665 ;SpriteItem.c:73: if (data->collided | data->item_accel_y | data->counter == 0){
   02B7 D1                  666 	pop	de
   02B8 D5                  667 	push	de
   02B9 1A                  668 	ld	a,(de)
   02BA 4F                  669 	ld	c, a
   02BB F8 06               670 	ldhl	sp,#(7 - 1)
   02BD 5E                  671 	ld	e, (hl)
   02BE 23                  672 	inc	hl
   02BF 56                  673 	ld	d, (hl)
   02C0 1A                  674 	ld	a,(de)
   02C1 B1                  675 	or	a, c
   02C2 4F                  676 	ld	c, a
   02C3 F8 0A               677 	ldhl	sp,#(11 - 1)
   02C5 5E                  678 	ld	e, (hl)
   02C6 23                  679 	inc	hl
   02C7 56                  680 	ld	d, (hl)
   02C8 1A                  681 	ld	a,(de)
   02C9 D6 01               682 	sub	a,#0x01
   02CB 3E 00               683 	ld	a, #0x00
   02CD 17                  684 	rla
   02CE B1                  685 	or	a, c
   02CF B7                  686 	or	a, a
   02D0 CAr07r04            687 	jp	Z, 00136$
                            688 ;SpriteItem.c:74: if (data->setup){ //inizio setup
   02D3 F8 04               689 	ldhl	sp,#(5 - 1)
   02D5 5E                  690 	ld	e, (hl)
   02D6 23                  691 	inc	hl
   02D7 56                  692 	ld	d, (hl)
   02D8 1A                  693 	ld	a,(de)
   02D9 B7                  694 	or	a, a
   02DA CAr81r03            695 	jp	Z, 00125$
                            696 ;SpriteItem.c:75: data->setup = 0u;
   02DD 2B                  697 	dec	hl
   02DE 2A                  698 	ld	a, (hl+)
   02DF 66                  699 	ld	h, (hl)
   02E0 6F                  700 	ld	l, a
   02E1 36 00               701 	ld	(hl), #0x00
                            702 ;SpriteItem.c:76: switch(data->type){
   02E3 F8 02               703 	ldhl	sp,#(3 - 1)
   02E5 5E                  704 	ld	e, (hl)
   02E6 23                  705 	inc	hl
   02E7 56                  706 	ld	d, (hl)
   02E8 1A                  707 	ld	a,(de)
   02E9 FE 01               708 	cp	a, #0x01
   02EB 28 16               709 	jr	Z,00118$
   02ED FE 02               710 	cp	a, #0x02
   02EF 28 29               711 	jr	Z,00119$
   02F1 FE 03               712 	cp	a, #0x03
   02F3 CAr31r03            713 	jp	Z,00120$
   02F6 FE 06               714 	cp	a, #0x06
   02F8 CAr48r03            715 	jp	Z,00121$
   02FB D6 07               716 	sub	a, #0x07
   02FD CAr5Er03            717 	jp	Z,00122$
   0300 C3r81r03            718 	jp	00125$
                            719 ;SpriteItem.c:77: case 1: //coin
   0303                     720 00118$:
                            721 ;SpriteItem.c:78: SetSpriteAnim(THIS, item_coin, 8u);
   0303 3E 08               722 	ld	a, #0x08
   0305 F5                  723 	push	af
   0306 33                  724 	inc	sp
   0307 21rB3r00            725 	ld	hl, #_item_coin
   030A E5                  726 	push	hl
   030B 21r00r00            727 	ld	hl, #_THIS
   030E 2A                  728 	ld	a, (hl+)
   030F 66                  729 	ld	h, (hl)
   0310 6F                  730 	ld	l, a
   0311 E5                  731 	push	hl
   0312 CDr00r00            732 	call	_SetSpriteAnim
   0315 E8 05               733 	add	sp, #5
                            734 ;SpriteItem.c:79: break;
   0317 C3r81r03            735 	jp	00125$
                            736 ;SpriteItem.c:80: case 2: //hp
   031A                     737 00119$:
                            738 ;SpriteItem.c:81: SetSpriteAnim(THIS, item_hp, 8u);
   031A 3E 08               739 	ld	a, #0x08
   031C F5                  740 	push	af
   031D 33                  741 	inc	sp
   031E 21rB5r00            742 	ld	hl, #_item_hp
   0321 E5                  743 	push	hl
   0322 21r00r00            744 	ld	hl, #_THIS
   0325 2A                  745 	ld	a, (hl+)
   0326 66                  746 	ld	h, (hl)
   0327 6F                  747 	ld	l, a
   0328 E5                  748 	push	hl
   0329 CDr00r00            749 	call	_SetSpriteAnim
   032C E8 05               750 	add	sp, #5
                            751 ;SpriteItem.c:82: break;
   032E C3r81r03            752 	jp	00125$
                            753 ;SpriteItem.c:83: case 3: //up
   0331                     754 00120$:
                            755 ;SpriteItem.c:84: SetSpriteAnim(THIS, item_up, 8u);
   0331 3E 08               756 	ld	a, #0x08
   0333 F5                  757 	push	af
   0334 33                  758 	inc	sp
   0335 21rB7r00            759 	ld	hl, #_item_up
   0338 E5                  760 	push	hl
   0339 21r00r00            761 	ld	hl, #_THIS
   033C 2A                  762 	ld	a, (hl+)
   033D 66                  763 	ld	h, (hl)
   033E 6F                  764 	ld	l, a
   033F E5                  765 	push	hl
   0340 CDr00r00            766 	call	_SetSpriteAnim
   0343 E8 05               767 	add	sp, #5
                            768 ;SpriteItem.c:85: break;
   0345 C3r81r03            769 	jp	00125$
                            770 ;SpriteItem.c:86: case 6: //wrench
   0348                     771 00121$:
                            772 ;SpriteItem.c:87: SetSpriteAnim(THIS, item_wrench, 8u);
   0348 3E 08               773 	ld	a, #0x08
   034A F5                  774 	push	af
   034B 33                  775 	inc	sp
   034C 21rBDr00            776 	ld	hl, #_item_wrench
   034F E5                  777 	push	hl
   0350 21r00r00            778 	ld	hl, #_THIS
   0353 2A                  779 	ld	a, (hl+)
   0354 66                  780 	ld	h, (hl)
   0355 6F                  781 	ld	l, a
   0356 E5                  782 	push	hl
   0357 CDr00r00            783 	call	_SetSpriteAnim
   035A E8 05               784 	add	sp, #5
                            785 ;SpriteItem.c:88: break;
   035C 18 23               786 	jr	00125$
                            787 ;SpriteItem.c:89: case 7: //dcoin
   035E                     788 00122$:
                            789 ;SpriteItem.c:90: SetSpriteAnim(THIS, item_dcoin, 8u);
   035E 3E 08               790 	ld	a, #0x08
   0360 F5                  791 	push	af
   0361 33                  792 	inc	sp
   0362 21rBFr00            793 	ld	hl, #_item_dcoin
   0365 E5                  794 	push	hl
   0366 21r00r00            795 	ld	hl, #_THIS
   0369 2A                  796 	ld	a, (hl+)
   036A 66                  797 	ld	h, (hl)
   036B 6F                  798 	ld	l, a
   036C E5                  799 	push	hl
   036D CDr00r00            800 	call	_SetSpriteAnim
   0370 E8 05               801 	add	sp, #5
                            802 ;SpriteItem.c:91: THIS->coll_y = 8;
   0372 21r01r00            803 	ld	hl, #_THIS + 1
   0375 2B                  804 	dec	hl
   0376 4E                  805 	ld	c, (hl)
   0377 23                  806 	inc	hl
   0378 46                  807 	ld	b, (hl)
   0379 21 0E 00            808 	ld	hl, #0x000e
   037C 09                  809 	add	hl, bc
   037D 4D                  810 	ld	c,l
   037E 7C                  811 	ld	a,h
   037F 36 08               812 	ld	(hl), #0x08
                            813 ;SpriteItem.c:93: }
   0381                     814 00125$:
                            815 ;SpriteItem.c:96: if(data->item_accel_y < 24) {
   0381 F8 06               816 	ldhl	sp,#(7 - 1)
   0383 5E                  817 	ld	e, (hl)
   0384 23                  818 	inc	hl
   0385 56                  819 	ld	d, (hl)
   0386 1A                  820 	ld	a,(de)
   0387 4F                  821 	ld	c,a
   0388 EE 80               822 	xor	a, #0x80
   038A D6 98               823 	sub	a, #0x98
   038C 30 06               824 	jr	NC,00127$
                            825 ;SpriteItem.c:97: data->item_accel_y += 1;
   038E 0C                  826 	inc	c
   038F 2B                  827 	dec	hl
   0390 2A                  828 	ld	a, (hl+)
   0391 66                  829 	ld	h, (hl)
   0392 6F                  830 	ld	l, a
   0393 71                  831 	ld	(hl), c
   0394                     832 00127$:
                            833 ;SpriteItem.c:99: data->tile_i_collision = TranslateSprite(THIS, data->vx, data->item_accel_y >> 4);
   0394 F8 06               834 	ldhl	sp,#(7 - 1)
   0396 5E                  835 	ld	e, (hl)
   0397 23                  836 	inc	hl
   0398 56                  837 	ld	d, (hl)
   0399 1A                  838 	ld	a,(de)
   039A 47                  839 	ld	b, a
   039B CB 28               840 	sra	b
   039D CB 28               841 	sra	b
   039F CB 28               842 	sra	b
   03A1 CB 28               843 	sra	b
   03A3 23                  844 	inc	hl
   03A4 5E                  845 	ld	e, (hl)
   03A5 23                  846 	inc	hl
   03A6 56                  847 	ld	d, (hl)
   03A7 1A                  848 	ld	a,(de)
   03A8 C5                  849 	push	bc
   03A9 33                  850 	inc	sp
   03AA F5                  851 	push	af
   03AB 33                  852 	inc	sp
   03AC 21r00r00            853 	ld	hl, #_THIS
   03AF 2A                  854 	ld	a, (hl+)
   03B0 66                  855 	ld	h, (hl)
   03B1 6F                  856 	ld	l, a
   03B2 E5                  857 	push	hl
   03B3 CDr00r00            858 	call	_TranslateSprite
   03B6 E8 04               859 	add	sp, #4
   03B8 7B                  860 	ld	a, e
   03B9 F8 0D               861 	ldhl	sp,	#13
   03BB F5                  862 	push	af
   03BC 2A                  863 	ld	a, (hl+)
   03BD 66                  864 	ld	h, (hl)
   03BE 6F                  865 	ld	l, a
   03BF F1                  866 	pop	af
   03C0 77                  867 	ld	(hl), a
                            868 ;SpriteItem.c:100: if(!data->tile_i_collision && delta_time != 0 && data->item_accel_y < 24) { //Do another iteration if there is no collision
   03C1 B7                  869 	or	a, a
   03C2 C2r07r04            870 	jp	NZ, 00136$
   03C5 21r00r00            871 	ld	hl, #_delta_time
   03C8 7E                  872 	ld	a, (hl)
   03C9 B7                  873 	or	a, a
   03CA CAr07r04            874 	jp	Z, 00136$
                            875 ;SpriteItem.c:96: if(data->item_accel_y < 24) {
   03CD F8 06               876 	ldhl	sp,#(7 - 1)
   03CF 5E                  877 	ld	e, (hl)
   03D0 23                  878 	inc	hl
   03D1 56                  879 	ld	d, (hl)
   03D2 1A                  880 	ld	a,(de)
                            881 ;SpriteItem.c:100: if(!data->tile_i_collision && delta_time != 0 && data->item_accel_y < 24) { //Do another iteration if there is no collision
   03D3 47                  882 	ld	b,a
   03D4 EE 80               883 	xor	a, #0x80
   03D6 D6 98               884 	sub	a, #0x98
   03D8 D2r07r04            885 	jp	NC, 00136$
                            886 ;SpriteItem.c:101: data->item_accel_y += 2;
   03DB 04                  887 	inc	b
   03DC 04                  888 	inc	b
   03DD 2B                  889 	dec	hl
   03DE 2A                  890 	ld	a, (hl+)
   03DF 66                  891 	ld	h, (hl)
   03E0 6F                  892 	ld	l, a
   03E1 70                  893 	ld	(hl), b
                            894 ;SpriteItem.c:102: data->tile_i_collision = TranslateSprite(THIS, data->vx, data->item_accel_y >> 4);
   03E2 CB 28               895 	sra	b
   03E4 CB 28               896 	sra	b
   03E6 CB 28               897 	sra	b
   03E8 CB 28               898 	sra	b
   03EA F8 08               899 	ldhl	sp,#(9 - 1)
   03EC 5E                  900 	ld	e, (hl)
   03ED 23                  901 	inc	hl
   03EE 56                  902 	ld	d, (hl)
   03EF 1A                  903 	ld	a,(de)
   03F0 C5                  904 	push	bc
   03F1 33                  905 	inc	sp
   03F2 F5                  906 	push	af
   03F3 33                  907 	inc	sp
   03F4 21r00r00            908 	ld	hl, #_THIS
   03F7 2A                  909 	ld	a, (hl+)
   03F8 66                  910 	ld	h, (hl)
   03F9 6F                  911 	ld	l, a
   03FA E5                  912 	push	hl
   03FB CDr00r00            913 	call	_TranslateSprite
   03FE E8 04               914 	add	sp, #4
   0400 4B                  915 	ld	c, e
   0401 F8 0D               916 	ldhl	sp,	#13
   0403 2A                  917 	ld	a, (hl+)
   0404 66                  918 	ld	h, (hl)
   0405 6F                  919 	ld	l, a
   0406 71                  920 	ld	(hl), c
   0407                     921 00136$:
                            922 ;SpriteItem.c:110: SPRITEMANAGER_ITERATE(scroll_i_tile, iispr) {
   0407 21r01r00            923 	ld	hl, #(_sprite_manager_updatables + 0x0001) + 0
   040A 7E                  924 	ld	a, (hl)
   040B F8 0E               925 	ldhl	sp,	#14
   040D 77                  926 	ld	(hl), a
   040E F8 0E               927 	ldhl	sp,	#14
   0410 3A                  928 	ld	a, (hl-)
   0411 77                  929 	ld	(hl), a
   0412 AF                  930 	xor	a, a
   0413 23                  931 	inc	hl
   0414 32                  932 	ld	(hl-), a
   0415 4E                  933 	ld	c, (hl)
   0416 23                  934 	inc	hl
   0417 46                  935 	ld	b, (hl)
   0418 CB 21               936 	sla	c
   041A CB 10               937 	rl	b
   041C 21r00r00            938 	ld	hl, #_sprite_manager_sprites
   041F 09                  939 	add	hl, bc
   0420 4D                  940 	ld	c, l
   0421 44                  941 	ld	b, h
   0422 59                  942 	ld	e, c
   0423 50                  943 	ld	d, b
   0424 1A                  944 	ld	a,(de)
   0425 F8 0C               945 	ldhl	sp,	#12
   0427 22                  946 	ld	(hl+), a
   0428 13                  947 	inc	de
   0429 1A                  948 	ld	a, (de)
   042A 77                  949 	ld	(hl), a
   042B AF                  950 	xor	a, a
   042C 23                  951 	inc	hl
   042D 77                  952 	ld	(hl), a
   042E                     953 00143$:
   042E 21r00r00            954 	ld	hl, #_sprite_manager_updatables + 0
   0431 4E                  955 	ld	c, (hl)
   0432 F8 0E               956 	ldhl	sp,	#14
   0434 7E                  957 	ld	a, (hl)
   0435 91                  958 	sub	a, c
   0436 CArCBr04            959 	jp	Z,00145$
                            960 ;SpriteItem.c:111: if(iispr->type == SpritePlatform) {
   0439 F8 0C               961 	ldhl	sp,#(13 - 1)
   043B 5E                  962 	ld	e, (hl)
   043C 23                  963 	inc	hl
   043D 56                  964 	ld	d, (hl)
   043E 21 11 00            965 	ld	hl, #0x0011
   0441 19                  966 	add	hl, de
   0442 4D                  967 	ld	c, l
   0443 44                  968 	ld	b, h
   0444 0A                  969 	ld	a, (bc)
   0445 D6 02               970 	sub	a, #0x02
   0447 C2r7Fr04            971 	jp	NZ,00144$
                            972 ;SpriteItem.c:112: if(CheckCollision(THIS, iispr)) {
   044A F8 0C               973 	ldhl	sp,	#12
   044C 2A                  974 	ld	a, (hl+)
   044D 66                  975 	ld	h, (hl)
   044E 6F                  976 	ld	l, a
   044F E5                  977 	push	hl
   0450 21r00r00            978 	ld	hl, #_THIS
   0453 2A                  979 	ld	a, (hl+)
   0454 66                  980 	ld	h, (hl)
   0455 6F                  981 	ld	l, a
   0456 E5                  982 	push	hl
   0457 CDr00r00            983 	call	_CheckCollision
   045A E8 04               984 	add	sp, #4
   045C 7B                  985 	ld	a, e
   045D B7                  986 	or	a, a
   045E 28 1F               987 	jr	Z,00144$
                            988 ;SpriteItem.c:113: data->item_accel_y = 0;
   0460 F8 06               989 	ldhl	sp,	#6
   0462 2A                  990 	ld	a, (hl+)
   0463 66                  991 	ld	h, (hl)
   0464 6F                  992 	ld	l, a
   0465 36 00               993 	ld	(hl), #0x00
                            994 ;SpriteItem.c:114: struct PlatformInfo* datapl = (struct PlatformInfo*)iispr->custom_data;
   0467 F8 0C               995 	ldhl	sp,#(13 - 1)
   0469 5E                  996 	ld	e, (hl)
   046A 23                  997 	inc	hl
   046B 56                  998 	ld	d, (hl)
   046C 21 19 00            999 	ld	hl, #0x0019
   046F 19                 1000 	add	hl, de
   0470 4D                 1001 	ld	c, l
   0471 7C                 1002 	ld	a, h
   0472 47                 1003 	ld	b, a
                           1004 ;SpriteItem.c:115: data->vx = datapl->vx;
   0473 03                 1005 	inc	bc
   0474 03                 1006 	inc	bc
   0475 03                 1007 	inc	bc
   0476 03                 1008 	inc	bc
   0477 0A                 1009 	ld	a, (bc)
   0478 4F                 1010 	ld	c, a
   0479 F8 08              1011 	ldhl	sp,	#8
   047B 2A                 1012 	ld	a, (hl+)
   047C 66                 1013 	ld	h, (hl)
   047D 6F                 1014 	ld	l, a
   047E 71                 1015 	ld	(hl), c
   047F                    1016 00144$:
                           1017 ;SpriteItem.c:110: SPRITEMANAGER_ITERATE(scroll_i_tile, iispr) {
   047F F8 0E              1018 	ldhl	sp,	#14
   0481 34                 1019 	inc	(hl)
   0482 4E                 1020 	ld	c, (hl)
   0483 06 00              1021 	ld	b, #0x00
   0485 03                 1022 	inc	bc
   0486 F8 0A              1023 	ldhl	sp,	#10
   0488 71                 1024 	ld	(hl), c
   0489 23                 1025 	inc	hl
   048A 70                 1026 	ld	(hl), b
   048B 2B                 1027 	dec	hl
   048C 5E                 1028 	ld	e, (hl)
   048D 23                 1029 	inc	hl
   048E 56                 1030 	ld	d, (hl)
   048F 21r00r00           1031 	ld	hl, #_sprite_manager_updatables
   0492 19                 1032 	add	hl, de
   0493 7D                 1033 	ld	a, l
   0494 54                 1034 	ld	d, h
   0495 F8 0C              1035 	ldhl	sp,	#12
   0497 22                 1036 	ld	(hl+), a
   0498 72                 1037 	ld	(hl), d
   0499 2B                 1038 	dec	hl
   049A 5E                 1039 	ld	e, (hl)
   049B 23                 1040 	inc	hl
   049C 56                 1041 	ld	d, (hl)
   049D 1A                 1042 	ld	a,(de)
   049E 32                 1043 	ld	(hl-), a
   049F 77                 1044 	ld	(hl), a
   04A0 AF                 1045 	xor	a, a
   04A1 23                 1046 	inc	hl
   04A2 32                 1047 	ld	(hl-), a
   04A3 3A                 1048 	ld	a, (hl-)
   04A4 2B                 1049 	dec	hl
   04A5 77                 1050 	ld	(hl), a
   04A6 F8 0D              1051 	ldhl	sp,	#13
   04A8 3A                 1052 	ld	a, (hl-)
   04A9 2B                 1053 	dec	hl
   04AA 32                 1054 	ld	(hl-), a
   04AB CB 26              1055 	sla	(hl)
   04AD 23                 1056 	inc	hl
   04AE CB 16              1057 	rl	(hl)
   04B0 2B                 1058 	dec	hl
   04B1 5E                 1059 	ld	e, (hl)
   04B2 23                 1060 	inc	hl
   04B3 56                 1061 	ld	d, (hl)
   04B4 21r00r00           1062 	ld	hl, #_sprite_manager_sprites
   04B7 19                 1063 	add	hl, de
   04B8 7D                 1064 	ld	a, l
   04B9 54                 1065 	ld	d, h
   04BA F8 0C              1066 	ldhl	sp,	#12
   04BC 22                 1067 	ld	(hl+), a
   04BD 72                 1068 	ld	(hl), d
   04BE 2B                 1069 	dec	hl
   04BF 5E                 1070 	ld	e, (hl)
   04C0 23                 1071 	inc	hl
   04C1 56                 1072 	ld	d, (hl)
   04C2 1A                 1073 	ld	a,(de)
   04C3 2B                 1074 	dec	hl
   04C4 22                 1075 	ld	(hl+), a
   04C5 13                 1076 	inc	de
   04C6 1A                 1077 	ld	a, (de)
   04C7 77                 1078 	ld	(hl), a
   04C8 C3r2Er04           1079 	jp	00143$
   04CB                    1080 00145$:
                           1081 ;SpriteItem.c:119: }
   04CB E8 0F              1082 	add	sp, #15
   04CD C9                 1083 	ret
                           1084 ;SpriteItem.c:121: void Destroy_SpriteItem() {
                           1085 ;	---------------------------------
                           1086 ; Function Destroy_SpriteItem
                           1087 ; ---------------------------------
   04CE                    1088 _Destroy_SpriteItem::
                           1089 ;SpriteItem.c:122: }
   04CE C9                 1090 	ret
                           1091 	.area _CODE_2
                           1092 	.area _CABS (ABS)
